 file_sfun

 Timestamp is 55341a63 (Sun Apr 19 17:13:07 2015)

 Preferred load address is 0000000180000000

 Start         Length     Name                   Class
 0001:00000000 00035c54H .text                   CODE
 0001:00035c60 00000092H .text$x                 CODE
 0002:00000000 00000468H .idata$5                DATA
 0002:00000468 00000008H .CRT$XCA                DATA
 0002:00000470 00000008H .CRT$XCZ                DATA
 0002:00000478 00000008H .CRT$XIA                DATA
 0002:00000480 00000008H .CRT$XIAA               DATA
 0002:00000488 00000008H .CRT$XIZ                DATA
 0002:00000490 00004b0cH .rdata                  DATA
 0002:00004fa0 00000008H .rtc$IAA                DATA
 0002:00004fa8 00000008H .rtc$IZZ                DATA
 0002:00004fb0 00000008H .rtc$TAA                DATA
 0002:00004fb8 00000008H .rtc$TZZ                DATA
 0002:00004fc0 00003eacH .xdata                  DATA
 0002:00008e6c 0000008cH .idata$2                DATA
 0002:00008ef8 00000014H .idata$3                DATA
 0002:00008f10 00000468H .idata$4                DATA
 0002:00009378 00000a38H .idata$6                DATA
 0002:00009db0 0000004fH .edata                  DATA
 0003:00000000 00001698H .data                   DATA
 0003:000016a0 000026b8H .bss                    DATA
 0004:00000000 00003000H .pdata                  DATA

  Address         Publics by Value              Rva+Base               Lib:Object

 0000:00000000       ___safe_se_handler_table   0000000000000000     <absolute>
 0000:00000000       ___safe_se_handler_count   0000000000000000     <absolute>
 0000:00000000       __ImageBase                0000000180000000     <linker-defined>
 0001:00000000       sf_c2_file_get_eml_resolved_functions_info 0000000180001000 f   c2_file.obj
 0001:00000500       sf_c2_file_get_check_sum   0000000180001500 f   c2_file.obj
 0001:00000580       sf_c2_file_get_autoinheritance_info 0000000180001580 f   c2_file.obj
 0001:00000c40       sf_internal_get_sim_state_c2_file 0000000180001c40 f   c2_file.obj
 0001:00001200       sf_internal_set_sim_state_c2_file 0000000180002200 f   c2_file.obj
 0001:00001860       c2_file_method_dispatcher  0000000180002860 f   c2_file.obj
 0001:00003b40       sf_process_check_sum_call  0000000180004b40 f   file_sfun_registry.obj
 0001:00003b90       sf_process_autoinheritance_call 0000000180004b90 f   file_sfun_registry.obj
 0001:00003d30       sf_process_get_eml_resolved_functions_info_call 0000000180004d30 f   file_sfun_registry.obj
 0001:00003eb0       sf_mex_unlock_call         0000000180004eb0 f   file_sfun_registry.obj
 0001:00003f60       sf_machine_global_initializer_called 0000000180004f60 f   file_sfun_registry.obj
 0001:00003f90       sf_machine_global_method_dispatcher 0000000180004f90 f   file_sfun_registry.obj
 0001:00003ff0       sf_machine_global_terminator 0000000180004ff0 f   file_sfun_registry.obj
 0001:00004030       sf_register_machine_exported_symbols 0000000180005030 f   file_sfun_registry.obj
 0001:00004050       callCustomFcn              0000000180005050 f   file_sfun_registry.obj
 0001:00004060       sf_machine_global_initializer 0000000180005060 f   file_sfun_registry.obj
 0001:000040d0       _ssSetStateAbsTol          00000001800050d0 f   file_sfun_registry.obj
 0001:000041b0       _ssGetAbsTol               00000001800051b0 f   file_sfun_registry.obj
 0001:00004220       _ssSetInputPortMatrixDimensions 0000000180005220 f   file_sfun_registry.obj
 0001:00004330       _ssSetOutputPortMatrixDimensions 0000000180005330 f   file_sfun_registry.obj
 0001:00004440       _ssSetInputPortVectorDimension 0000000180005440 f   file_sfun_registry.obj
 0001:00004510       _ssSetOutputPortVectorDimension 0000000180005510 f   file_sfun_registry.obj
 0001:000045e0       ssIsRunTimeParamTunable    00000001800055e0 f   file_sfun_registry.obj
 0001:00004650       ssGetSFuncBlockHandle      0000000180005650 f   file_sfun_registry.obj
 0001:000046c0       _ssGetCurrentInputPortWidth 00000001800056c0 f   file_sfun_registry.obj
 0001:000047e0       _ssGetCurrentOutputPortWidth 00000001800057e0 f   file_sfun_registry.obj
 0001:00004900       _ssGetCallSystemNumFcnCallDestinations 0000000180005900 f   file_sfun_registry.obj
 0001:00004970       ssWarning                  0000000180005970 f   file_sfun_registry.obj
 0001:00004a80       ssGetIsZeroCrossControlDisabled 0000000180005a80 f   file_sfun_registry.obj
 0001:00004af0       ssSetIsInputPortUsedForContZcSignal 0000000180005af0 f   file_sfun_registry.obj
 0001:00004b60       ssSetZcSignalIsZcElementDisc 0000000180005b60 f   file_sfun_registry.obj
 0001:00004c10       ssSetZcSignalName          0000000180005c10 f   file_sfun_registry.obj
 0001:00004c80       ssSetZcSignalWidth         0000000180005c80 f   file_sfun_registry.obj
 0001:00004cf0       ssSetZcSignalZcEventType   0000000180005cf0 f   file_sfun_registry.obj
 0001:00004d60       ssSetZcSignalType          0000000180005d60 f   file_sfun_registry.obj
 0001:00004dd0       ssSetZcSignalZcTol         0000000180005dd0 f   file_sfun_registry.obj
 0001:00004e40       ssSetZcSignalNeedsEventNotification 0000000180005e40 f   file_sfun_registry.obj
 0001:00004eb0       ssCreateAndAddZcSignalInfo 0000000180005eb0 f   file_sfun_registry.obj
 0001:00004f20       ssCloneAndAddZcSignalInfo  0000000180005f20 f   file_sfun_registry.obj
 0001:00004f90       ssGetNumZcSignals          0000000180005f90 f   file_sfun_registry.obj
 0001:00005000       ssGetZcSignalVector        0000000180006000 f   file_sfun_registry.obj
 0001:00005070       ssGetZcSignalZcEvents      0000000180006070 f   file_sfun_registry.obj
 0001:000050e0       ssGetZcSignalName          00000001800060e0 f   file_sfun_registry.obj
 0001:00005150       ssGetZcSignalWidth         0000000180006150 f   file_sfun_registry.obj
 0001:000051c0       ssGetZcSignalZcEventType   00000001800061c0 f   file_sfun_registry.obj
 0001:00005230       ssGetZcSignalType          0000000180006230 f   file_sfun_registry.obj
 0001:000052a0       ssGetZcSignalZcTol         00000001800062a0 f   file_sfun_registry.obj
 0001:00005320       ssGetZcSignalNeedsEventNotification 0000000180006320 f   file_sfun_registry.obj
 0001:00005390       ssGetZcSignalIsZcElementDisc 0000000180006390 f   file_sfun_registry.obj
 0001:00005430       ssGetIsInputPortElementContinuous 0000000180006430 f   file_sfun_registry.obj
 0001:000054d0       _ssGetInputPortSignalPtrsFcn 00000001800064d0 f   file_sfun_registry.obj
 0001:00005790       _ssGetInputPortSignalFcn   0000000180006790 f   file_sfun_registry.obj
 0001:000059b0       _ssSetInputPortDirectFeedThroughFcn 00000001800069b0 f   file_sfun_registry.obj
 0001:00005b10       _ssSetInputPortReusableFcn 0000000180006b10 f   file_sfun_registry.obj
 0001:00005c00       _ssSetOutputPortReusableFcn 0000000180006c00 f   file_sfun_registry.obj
 0001:00005ce0       ssGetDTypeIdFromMxArray    0000000180006ce0 f   file_sfun_registry.obj
 0001:00005e00       ssWriteRTWStr              0000000180006e00 f   file_sfun_registry.obj
 0001:00005e60       ssWriteRTWMxVectParam      0000000180006e60 f   file_sfun_registry.obj
 0001:00005ec0       ssWriteRTWMx2dMatParam     0000000180006ec0 f   file_sfun_registry.obj
 0001:00005f40       ssWriteRTWNameValuePair    0000000180006f40 f   file_sfun_registry.obj
 0001:00006430       ssWriteRTWParameters       0000000180007430 f   file_sfun_registry.obj
 0001:00006a30       ssWriteRTWParamSettings    0000000180007a30 f   file_sfun_registry.obj
 0001:00007100       ssWriteRTWWorkVect         0000000180008100 f   file_sfun_registry.obj
 0001:00007600       mexFunction                0000000180008600 f   file_sfun_registry.obj
 0001:00009240       ProcessMexSfunctionEveryCall 000000018000a240 f   file_sfun_registry.obj
 0001:000093b0       file_initializer           000000018000a3b0 f   file_sfun.obj
 0001:000093c0       file_terminator            000000018000a3c0 f   file_sfun.obj
 0001:000093d0       sf_file_method_dispatcher  000000018000a3d0 f   file_sfun.obj
 0001:00009420       sf_file_process_check_sum_call 000000018000a420 f   file_sfun.obj
 0001:00009830       sf_file_autoinheritance_info 000000018000a830 f   file_sfun.obj
 0001:000099a0       sf_file_get_eml_resolved_functions_info 000000018000a9a0 f   file_sfun.obj
 0001:00009ad0       file_debug_initialize      000000018000aad0 f   file_sfun.obj
 0001:00009b40       file_register_exported_symbols 000000018000ab40 f   file_sfun.obj
 0001:00009b50       load_file_optimization_info 000000018000ab50 f   file_sfun.obj
 0001:00009ba0       unload_file_optimization_info 000000018000aba0 f   file_sfun.obj
 0001:00009c70       sf_mex_mx_is_numeric       000000018000ac70 f   sfc_mex:sfc_mex.obj
 0001:00009cb0       strcmp_ignore_ws           000000018000acb0 f   sfc_mex:sfc_mex.obj
 0001:00009df0       sf_mex_duplicatearraysafe  000000018000adf0 f   sfc_mex:sfc_mex.obj
 0001:00009f50       sf_set_error_debugger_context_message_fcn 000000018000af50 f   sfc_mex:sfc_mex.obj
 0001:00009f60       sf_set_debugger_matlab_error_fcn 000000018000af60 f   sfc_mex:sfc_mex.obj
 0001:00009f90       sf_set_error_prefix_string 000000018000af90 f   sfc_mex:sfc_mex.obj
 0001:00009fc0       sf_get_error_prefix_string 000000018000afc0 f   sfc_mex:sfc_mex.obj
 0001:00009fd0       sf_mex_enter_parallel_region 000000018000afd0 f   sfc_mex:sfc_mex.obj
 0001:00009fe0       sf_mex_exit_parallel_region 000000018000afe0 f   sfc_mex:sfc_mex.obj
 0001:00009ff0       sf_get_current_jmp_buf_ptr 000000018000aff0 f   sfc_mex:sfc_mex.obj
 0001:0000a000       sf_set_current_jmp_buf_ptr 000000018000b000 f   sfc_mex:sfc_mex.obj
 0001:0000a010       sf_mex_set_halt_simulation 000000018000b010 f   sfc_mex:sfc_mex.obj
 0001:0000a020       sf_mex_get_halt_simulation 000000018000b020 f   sfc_mex:sfc_mex.obj
 0001:0000a030       sf_mex_clear_error_message 000000018000b030 f   sfc_mex:sfc_mex.obj
 0001:0000a050       sf_mex_get_error_message_for_read 000000018000b050 f   sfc_mex:sfc_mex.obj
 0001:0000a060       sf_mex_get_error_message_buffer_length 000000018000b060 f   sfc_mex:sfc_mex.obj
 0001:0000a140       sf_mex_warning_message     000000018000b140 f   sfc_mex:sfc_mex.obj
 0001:0000a1b0       sf_mex_v_errbuf_createf    000000018000b1b0 f   sfc_mex:sfc_mex.obj
 0001:0000a1c0       sf_mex_errbuf_createf      000000018000b1c0 f   sfc_mex:sfc_mex.obj
 0001:0000a1f0       sf_mex_v_errbuf_catf       000000018000b1f0 f   sfc_mex:sfc_mex.obj
 0001:0000a230       sf_mex_errbuf_catf         000000018000b230 f   sfc_mex:sfc_mex.obj
 0001:0000a280       sf_mex_errbuf_copy         000000018000b280 f   sfc_mex:sfc_mex.obj
 0001:0000a290       sf_mex_errbuf_clear        000000018000b290 f   sfc_mex:sfc_mex.obj
 0001:0000a2a0       sf_mex_errbuf_isempty      000000018000b2a0 f   sfc_mex:sfc_mex.obj
 0001:0000a3b0       sf_mex_set_error_status    000000018000b3b0 f   sfc_mex:sfc_mex.obj
 0001:0000a400       sf_mex_error_direct_call   000000018000b400 f   sfc_mex:sfc_mex.obj
 0001:0000a420       sf_mex_error_message_no_long_jump 000000018000b420 f   sfc_mex:sfc_mex.obj
 0001:0000a440       sf_mex_long_jump_on_error  000000018000b440 f   sfc_mex:sfc_mex.obj
 0001:0000a470       sf_mex_call_matlab         000000018000b470 f   sfc_mex:sfc_mex.obj
 0001:0000a590       sf_mex_check_builtin       000000018000b590 f   sfc_mex:sfc_mex.obj
 0001:0000a5d0       sf_mex_check_builtin_vs    000000018000b5d0 f   sfc_mex:sfc_mex.obj
 0001:0000a630       sf_mex_check_enum          000000018000b630 f   sfc_mex:sfc_mex.obj
 0001:0000a660       sf_mex_create_enum         000000018000b660 f   sfc_mex:sfc_mex.obj
 0001:0000a680       sf_mex_get_enum_element    000000018000b680 f   sfc_mex:sfc_mex.obj
 0001:0000a690       sf_mex_createcellarray     000000018000b690 f   sfc_mex:sfc_mex.obj
 0001:0000a6a0       sf_mex_setcell             000000018000b6a0 f   sfc_mex:sfc_mex.obj
 0001:0000a6b0       sf_mex_getcell             000000018000b6b0 f   sfc_mex:sfc_mex.obj
 0001:0000a6c0       sf_mex_dup                 000000018000b6c0 f   sfc_mex:sfc_mex.obj
 0001:0000a6e0       sf_mex_assign              000000018000b6e0 f   sfc_mex:sfc_mex.obj
 0001:0000a760       sf_mex_destroy             000000018000b760 f   sfc_mex:sfc_mex.obj
 0001:0000a790       mx_array_has_fi_type       000000018000b790 f   sfc_mex:sfc_mex.obj
 0001:0000a7c0       sf_mex_convert_from_fi     000000018000b7c0 f   sfc_mex:sfc_mex.obj
 0001:0000a870       sf_mex_convert_to_double   000000018000b870 f   sfc_mex:sfc_mex.obj
 0001:0000a990       sf_mex_import_fi_vs        000000018000b990 f   sfc_mex:sfc_mex.obj
 0001:0000ab50       sf_matrix_matrix_index_ok  000000018000bb50 f   sfc_mex:sfc_mex.obj
 0001:0000abe0       sf_vector_vector_index_ok  000000018000bbe0 f   sfc_mex:sfc_mex.obj
 0001:0000ac10       ssGetCurrentInputPortDimensions_wrapper 000000018000bc10 f   sfc_mex:sfc_mex.obj
 0001:0000ac30       ssGetCurrentOutputPortDimensions_wrapper 000000018000bc30 f   sfc_mex:sfc_mex.obj
 0001:0000ac50       sf_mex_emlrt_context_is_debug_mode 000000018000bc50 f   sfc_mex:sfc_mex.obj
 0001:0000ac60       sf_mex_emlrt_context_set_debug_mode 000000018000bc60 f   sfc_mex:sfc_mex.obj
 0001:0000ac70       sf_mex_emlrtNameCapturePostProcessR2012a 000000018000bc70 f   sfc_mex:sfc_mex.obj
 0001:0000ace0       sf_clear_error_manager_info 000000018000bce0 f   sfc_mex:sfc_mex.obj
 0001:0000ad40       sf_mex_stop_simulation_abruptly_wo_error 000000018000bd40 f   sfc_mex:sfc_mex.obj
 0001:0000ad80       sf_mex_error_message       000000018000bd80 f   sfc_mex:sfc_mex.obj
 0001:0000ade0       sf_react_to_error_in_matlab_call 000000018000bde0 f   sfc_mex:sfc_mex.obj
 0001:0000ae10       sf_mex_addfield            000000018000be10 f   sfc_mex:sfc_mex.obj
 0001:0000aeb0       sf_mex_getfield            000000018000beb0 f   sfc_mex:sfc_mex.obj
 0001:0000b1b0       sf_mex_check_class         000000018000c1b0 f   sfc_mex:sfc_mex.obj
 0001:0000b250       sf_mex_is_real             000000018000c250 f   sfc_mex:sfc_mex.obj
 0001:0000b6c0       sf_mex_decode_encoded_mx_struct_array 000000018000c6c0 f   sfc_mex:sfc_mex.obj
 0001:0000b9a0       sf_mex_lw_bounds_check     000000018000c9a0 f   sfc_mex:sfc_mex.obj
 0001:0000b9d0       sf_mex_lw_size_eq_check_1d 000000018000c9d0 f   sfc_mex:sfc_mex.obj
 0001:0000b9f0       sf_mex_lw_size_eq_check_nd 000000018000c9f0 f   sfc_mex:sfc_mex.obj
 0001:0000bbd0       sf_mex_lw_dim_size_eq_check 000000018000cbd0 f   sfc_mex:sfc_mex.obj
 0001:0000bc00       sf_mex_lw_dim_size_geq_check 000000018000cc00 f   sfc_mex:sfc_mex.obj
 0001:0000bc30       sf_mex_lw_sub_assign_size_check_nd 000000018000cc30 f   sfc_mex:sfc_mex.obj
 0001:0000be60       sf_mex_lw_runtime_error_msgid 000000018000ce60 f   sfc_mex:sfc_mex.obj
 0001:0000bf50       sf_mex_lw_matrix_matrix_index_check 000000018000cf50 f   sfc_mex:sfc_mex.obj
 0001:0000bf70       sf_mex_lw_vector_vector_index_check 000000018000cf70 f   sfc_mex:sfc_mex.obj
 0001:0000bfb0       sf_mex_lw_for_loop_vector_check 000000018000cfb0 f   sfc_mex:sfc_mex.obj
 0001:0000c030       sf_mex_lw_non_negative_check 000000018000d030 f   sfc_mex:sfc_mex.obj
 0001:0000c070       sf_mex_overflow_error      000000018000d070 f   sfc_mex:sfc_mex.obj
 0001:0000c080       sf_mex_dividebyzero_error  000000018000d080 f   sfc_mex:sfc_mex.obj
 0001:0000c090       sf_mex_unsafe_enum_error   000000018000d090 f   sfc_mex:sfc_mex.obj
 0001:0000c0a0       sf_emlrtErrHandler         000000018000d0a0 f   sfc_mex:sfc_mex.obj
 0001:0000c180       sf_mex_size_one_check      000000018000d180 f   sfc_mex:sfc_mex.obj
 0001:0000c1a0       sf_mex_printf              000000018000d1a0 f   sfc_mex:sfc_mex.obj
 0001:0000c370       sf_mex_check_size          000000018000d370 f   sfc_mex:sfc_mex.obj
 0001:0000c640       sf_mex_check_struct        000000018000d640 f   sfc_mex:sfc_mex.obj
 0001:0000c8a0       sf_mex_check_struct_vs     000000018000d8a0 f   sfc_mex:sfc_mex.obj
 0001:0000c930       sf_mex_check_fi            000000018000d930 f   sfc_mex:sfc_mex.obj
 0001:0000ca30       sf_mex_check_fi_vs         000000018000da30 f   sfc_mex:sfc_mex.obj
 0001:0000cad0       sf_echo_expression         000000018000dad0 f   sfc_mex:sfc_mex.obj
 0001:0000cb30       sf_assertion_failed        000000018000db30 f   sfc_mex:sfc_mex.obj
 0001:0000ce10       sf_mex_evalin              000000018000de10 f   sfc_mex:sfc_mex.obj
 0001:0000d080       sf_mex_export              000000018000e080 f   sfc_mex:sfc_mex.obj
 0001:0000d140       sf_mex_get_ml_var_no_error 000000018000e140 f   sfc_mex:sfc_mex.obj
 0001:0000d2e0       sf_mex_get_ml_var          000000018000e2e0 f   sfc_mex:sfc_mex.obj
 0001:0000d780       ml_set_element_value_in_array 000000018000e780 f   sfc_mex:sfc_mex.obj
 0001:0000ee50       sf_mex_call_impl           000000018000fe50 f   sfc_mex:sfc_mex.obj
 0001:0000f380       sf_mex_call_debug          0000000180010380 f   sfc_mex:sfc_mex.obj
 0001:0000f3b0       sf_mex_call                00000001800103b0 f   sfc_mex:sfc_mex.obj
 0001:0000fa00       sf_mex_createstruct        0000000180010a00 f   sfc_mex:sfc_mex.obj
 0001:0000faf0       sf_mex_createstructarray   0000000180010af0 f   sfc_mex:sfc_mex.obj
 0001:0000fb70       sf_mex_get_mx_datatype_from_sf_datatype 0000000180010b70 f   sfc_mex:sfc_mex.obj
 0001:0000fe80       sf_mex_ml_var_sub          0000000180010e80 f   sfc_mex:sfc_mex.obj
 0001:00010050       sf_mex_ml_var_subsasgn     0000000180011050 f   sfc_mex:sfc_mex.obj
 0001:00010440       sf_mex_sub                 0000000180011440 f   sfc_mex:sfc_mex.obj
 0001:00010640       sf_mex_subsasgn            0000000180011640 f   sfc_mex:sfc_mex.obj
 0001:00010b20       sf_mex_create              0000000180011b20 f   sfc_mex:sfc_mex.obj
 0001:00011570       sf_mex_import_named        0000000180012570 f   sfc_mex:sfc_mex.obj
 0001:000115d0       sf_mex_import              00000001800125d0 f   sfc_mex:sfc_mex.obj
 0001:00011620       sf_mex_import_vs           0000000180012620 f   sfc_mex:sfc_mex.obj
 0001:00011730       sf_mex_lower_fixpt_mx_array 0000000180012730 f   sfc_mex:sfc_mex.obj
 0001:00011a20       sf_send_message_wrapper    0000000180012a20 f   sfc_mex:sfc_sf.obj
 0001:00011a50       sf_receive_message_wrapper 0000000180012a50 f   sfc_mex:sfc_sf.obj
 0001:00011a90       sf_check_out_message_wrapper 0000000180012a90 f   sfc_mex:sfc_sf.obj
 0001:00011ad0       sf_check_in_message_wrapper 0000000180012ad0 f   sfc_mex:sfc_sf.obj
 0001:00011b10       sf_no_message_wrapper      0000000180012b10 f   sfc_mex:sfc_sf.obj
 0001:00011ea0       sim_mode_is_rtw_gen        0000000180012ea0 f   sfc_mex:sfc_sf.obj
 0001:00011ed0       sim_mode_is_external       0000000180012ed0 f   sfc_mex:sfc_sf.obj
 0001:00011ee0       sim_mode_is_modelref_sim   0000000180012ee0 f   sfc_mex:sfc_sf.obj
 0001:00011f00       mdlInitializeSizes         0000000180012f00 f   sfc_mex:sfc_sf.obj
 0001:00011f20       mdlInitializeSampleTimes   0000000180012f20 f   sfc_mex:sfc_sf.obj
 0001:00011f60       mdlZeroCrossings           0000000180012f60 f   sfc_mex:sfc_sf.obj
 0001:00012040       mdlDerivatives             0000000180013040 f   sfc_mex:sfc_sf.obj
 0001:000120f0       mdl_initialize_conditions_processing 00000001800130f0 f   sfc_mex:sfc_sf.obj
 0001:00012120       mdlInitializeConditions    0000000180013120 f   sfc_mex:sfc_sf.obj
 0001:000121e0       mdlGetSimState             00000001800131e0 f   sfc_mex:sfc_sf.obj
 0001:000121f0       mdlSetSimState             00000001800131f0 f   sfc_mex:sfc_sf.obj
 0001:00012200       mdl_ext_mode_exec_processing 0000000180013200 f   sfc_mex:sfc_sf.obj
 0001:00012220       mdlExtModeExec             0000000180013220 f   sfc_mex:sfc_sf.obj
 0001:000123b0       mdlTerminate               00000001800133b0 f   sfc_mex:sfc_sf.obj
 0001:00012420       mdlRTW                     0000000180013420 f   sfc_mex:sfc_sf.obj
 0001:00012450       mdlSetWorkWidths           0000000180013450 f   sfc_mex:sfc_sf.obj
 0001:00012460       mdlProcessParameters       0000000180013460 f   sfc_mex:sfc_sf.obj
 0001:00012470       mdl_start_processing       0000000180013470 f   sfc_mex:sfc_sf.obj
 0001:000124b0       mdlStart                   00000001800134b0 f   sfc_mex:sfc_sf.obj
 0001:000125a0       mdlEnable                  00000001800135a0 f   sfc_mex:sfc_sf.obj
 0001:00012670       mdlDisable                 0000000180013670 f   sfc_mex:sfc_sf.obj
 0001:00012720       sf_get_chart_instance_ptr  0000000180013720 f   sfc_mex:sfc_sf.obj
 0001:00012740       sf_load_rtw_optimization_info 0000000180013740 f   sfc_mex:sfc_sf.obj
 0001:00012810       sf_rtw_info_uint_prop      0000000180013810 f   sfc_mex:sfc_sf.obj
 0001:00012950       sf_is_chart_inlinable      0000000180013950 f   sfc_mex:sfc_sf.obj
 0001:00012970       sf_mark_output_events_with_multiple_callers 0000000180013970 f   sfc_mex:sfc_sf.obj
 0001:00012b00       sf_mark_chart_reusable_outputs 0000000180013b00 f   sfc_mex:sfc_sf.obj
 0001:00012d60       sf_mark_chart_expressionable_inputs 0000000180013d60 f   sfc_mex:sfc_sf.obj
 0001:00012fc0       sf_get_subchart_simstruct  0000000180013fc0 f   sfc_mex:sfc_sf.obj
 0001:00013010       sf_get_fixpt_data_type_id  0000000180014010 f   sfc_mex:sfc_sf.obj
 0001:00013050       sf_get_enum_data_type_id   0000000180014050 f   sfc_mex:sfc_sf.obj
 0001:00013090       sf_get_param_data_type_id  0000000180014090 f   sfc_mex:sfc_sf.obj
 0001:000130c0       sf_mex_listen_for_ctrl_c_force 00000001800140c0 f   sfc_mex:sfc_sf.obj
 0001:000131d0       sf_mex_draw_now            00000001800141d0 f   sfc_mex:sfc_sf.obj
 0001:00013210       sf_mex_set_debugger_sim_status_listener_fcn 0000000180014210 f   sfc_mex:sfc_sf.obj
 0001:00013220       sf_mex_listen_for_ctrl_c   0000000180014220 f   sfc_mex:sfc_sf.obj
 0001:000132b0       sf_mex_get_sfun_param      00000001800142b0 f   sfc_mex:sfc_sf.obj
 0001:00013300       sf_get_runtime_param_data  0000000180014300 f   sfc_mex:sfc_sf.obj
 0001:00013340       sf_call_output_fcn_call    0000000180014340 f   sfc_mex:sfc_sf.obj
 0001:00013480       sf_call_output_fcn_enable  0000000180014480 f   sfc_mex:sfc_sf.obj
 0001:00013510       sf_call_output_fcn_disable 0000000180014510 f   sfc_mex:sfc_sf.obj
 0001:000135a0       sf_clear_rtw_identifier    00000001800145a0 f   sfc_mex:sfc_sf.obj
 0001:00013d90       sf_set_encoded_dwork_info  0000000180014d90 f   sfc_mex:sfc_sf.obj
 0001:00013de0       sf_get_dwork_info_from_mat_file 0000000180014de0 f   sfc_mex:sfc_sf.obj
 0001:00013fa0       sf_set_rtw_dwork_info      0000000180014fa0 f   sfc_mex:sfc_sf.obj
 0001:00014110       mdlOutputs                 0000000180015110 f   sfc_mex:sfc_sf.obj
 0001:000142b0       sf_debug_disp              00000001800152b0 f   sfc_debug:sfcdebug.obj
 0001:00014510       sf_debug_data_runtime_size_mismatch_error_check 0000000180015510 f   sfc_debug:sfcdebug.obj
 0001:000145b0       sf_debug_try_loading_machine 00000001800155b0 f   sfc_debug:sfcdebug.obj
 0001:000146b0       sf_debug_reset_current_state_configuration 00000001800156b0 f   sfc_debug:sfcdebug.obj
 0001:00014740       sf_debug_store_current_state_configuration 0000000180015740 f   sfc_debug:sfcdebug.obj
 0001:000147d0       sf_debug_restore_previous_state_configuration 00000001800157d0 f   sfc_debug:sfcdebug.obj
 0001:00014860       sf_debug_restore_previous_state_configuration2 0000000180015860 f   sfc_debug:sfcdebug.obj
 0001:000148f0       sf_debug_get_event_scope   00000001800158f0 f   sfc_debug:sfcdebug.obj
 0001:00014a60       use_debugger_step_animation 0000000180015a60 f   sfc_debug:sfcdebug.obj
 0001:00014a80       sf_debug_get_script_id     0000000180015a80 f   sfc_debug:sfcdebug.obj
 0001:00014b10       sf_debug_set_script_translation 0000000180015b10 f   sfc_debug:sfcdebug.obj
 0001:00014c90       sf_debug_extract_message_post_receive_info 0000000180015c90 f   sfc_debug:sfcdebug.obj
 0001:00014d90       sf_debug_get_current_machine_id 0000000180015d90 f   sfc_debug:sfcdebug.obj
 0001:00014db0       sf_debug_get_current_optional_integer 0000000180015db0 f   sfc_debug:sfcdebug.obj
 0001:00014dc0       sf_debug_get_current_machine_number 0000000180015dc0 f   sfc_debug:sfcdebug.obj
 0001:00014de0       sf_debug_get_current_machine_name 0000000180015de0 f   sfc_debug:sfcdebug.obj
 0001:00014e00       sf_debug_get_current_chart_id 0000000180015e00 f   sfc_debug:sfcdebug.obj
 0001:00014e50       sf_debug_get_current_chart_number 0000000180015e50 f   sfc_debug:sfcdebug.obj
 0001:00014e60       sf_debug_get_current_instance_number 0000000180015e60 f   sfc_debug:sfcdebug.obj
 0001:00014e70       sf_debug_get_current_is_minor_time_step 0000000180015e70 f   sfc_debug:sfcdebug.obj
 0001:00014ef0       sf_debug_get_current_object_type 0000000180015ef0 f   sfc_debug:sfcdebug.obj
 0001:00014f00       sf_debug_get_current_instance_handle 0000000180015f00 f   sfc_debug:sfcdebug.obj
 0001:00014f60       sf_debug_get_current_event_type 0000000180015f60 f   sfc_debug:sfcdebug.obj
 0001:00014f70       sf_debug_get_current_object_id 0000000180015f70 f   sfc_debug:sfcdebug.obj
 0001:00014fb0       sf_debug_get_current_active_event_type 0000000180015fb0 f   sfc_debug:sfcdebug.obj
 0001:00014fc0       sf_debug_get_current_active_event_id 0000000180015fc0 f   sfc_debug:sfcdebug.obj
 0001:00015000       sf_debug_get_current_tag_type 0000000180016000 f   sfc_debug:sfcdebug.obj
 0001:00015010       sf_debug_get_current_simulation_time 0000000180016010 f   sfc_debug:sfcdebug.obj
 0001:00015020       sf_debug_get_current_coverage_percentage 0000000180016020 f   sfc_debug:sfcdebug.obj
 0001:00015030       sf_debug_current_statement_context 0000000180016030 f   sfc_debug:sfcdebug.obj
 0001:000150c0       sf_debug_get_current_statement_info 00000001800160c0 f   sfc_debug:sfcdebug.obj
 0001:00015240       sf_debug_terminate_instance 0000000180016240 f   sfc_debug:sfcdebug.obj
 0001:00015580       sf_debug_assertion_failed  0000000180016580 f   sfc_debug:sfcdebug.obj
 0001:00015730       sf_debug_set_number_of_data_with_change_event_for_machine 0000000180016730 f   sfc_debug:sfcdebug.obj
 0001:00015770       sf_debug_set_machine_event_thresholds 0000000180016770 f   sfc_debug:sfcdebug.obj
 0001:00015790       sf_debug_set_machine_event_scope 0000000180016790 f   sfc_debug:sfcdebug.obj
 0001:000157d0       sf_debug_set_machine_data_thresholds 00000001800167d0 f   sfc_debug:sfcdebug.obj
 0001:00015810       sf_debug_set_machine_data_scope 0000000180016810 f   sfc_debug:sfcdebug.obj
 0001:000158a0       sf_debug_set_machine_data_name 00000001800168a0 f   sfc_debug:sfcdebug.obj
 0001:00015940       sf_debug_set_machine_data_size 0000000180016940 f   sfc_debug:sfcdebug.obj
 0001:00015a80       sf_debug_set_machine_data_type 0000000180016a80 f   sfc_debug:sfcdebug.obj
 0001:00015bf0       sf_debug_get_chart_data_number 0000000180016bf0 f   sfc_debug:sfcdebug.obj
 0001:00015c10       sf_debug_get_chart_event_number 0000000180016c10 f   sfc_debug:sfcdebug.obj
 0001:00015c30       sf_debug_set_chart_state_info 0000000180016c30 f   sfc_debug:sfcdebug.obj
 0001:00015cb0       sf_debug_set_chart_decomposition 0000000180016cb0 f   sfc_debug:sfcdebug.obj
 0001:00015d20       sf_debug_set_chart_substate_count 0000000180016d20 f   sfc_debug:sfcdebug.obj
 0001:00015e00       sf_debug_set_chart_substate_index 0000000180016e00 f   sfc_debug:sfcdebug.obj
 0001:00015e70       sf_debug_set_chart_state_substate_count 0000000180016e70 f   sfc_debug:sfcdebug.obj
 0001:00015f80       sf_debug_set_chart_state_substate_index 0000000180016f80 f   sfc_debug:sfcdebug.obj
 0001:00016000       sf_debug_set_number_of_data_with_change_event_for_chart 0000000180017000 f   sfc_debug:sfcdebug.obj
 0001:00016080       sf_debug_set_number_of_states_with_entry_event_for_chart 0000000180017080 f   sfc_debug:sfcdebug.obj
 0001:000160f0       sf_debug_set_number_of_states_with_exit_event_for_chart 00000001800170f0 f   sfc_debug:sfcdebug.obj
 0001:00016160       sf_debug_set_chart_disable_implicit_casting 0000000180017160 f   sfc_debug:sfcdebug.obj
 0001:000161d0       sf_debug_set_chart_event_thresholds 00000001800171d0 f   sfc_debug:sfcdebug.obj
 0001:00016240       sf_debug_set_chart_data_compiled_props 0000000180017240 f   sfc_debug:sfcdebug.obj
 0001:00016590       sf_debug_set_chart_data_props 0000000180017590 f   sfc_debug:sfcdebug.obj
 0001:000168b0       sf_debug_check_fi_license  00000001800178b0 f   sfc_debug:sfcdebug.obj
 0001:00016aa0       sf_debug_symbol_scope_push 0000000180017aa0 f   sfc_debug:sfcdebug.obj
 0001:00016ae0       sf_debug_symbol_scope_push_eml 0000000180017ae0 f   sfc_debug:sfcdebug.obj
 0001:00016b30       sf_debug_symbol_scope_pop  0000000180017b30 f   sfc_debug:sfcdebug.obj
 0001:00016b70       sf_debug_symbol_scope_add_importable 0000000180017b70 f   sfc_debug:sfcdebug.obj
 0001:00016bf0       sf_debug_symbol_scope_add  0000000180017bf0 f   sfc_debug:sfcdebug.obj
 0001:00016c70       sf_debug_symbol_scope_add_dyn_importable 0000000180017c70 f   sfc_debug:sfcdebug.obj
 0001:00016d30       sf_debug_symbol_scope_add_dyn 0000000180017d30 f   sfc_debug:sfcdebug.obj
 0001:00016d60       sf_debug_symbol_scope_add_eml_importable 0000000180017d60 f   sfc_debug:sfcdebug.obj
 0001:00016da0       sf_debug_symbol_scope_add_eml 0000000180017da0 f   sfc_debug:sfcdebug.obj
 0001:00016de0       sf_debug_symbol_scope_add_eml_dyn_importable 0000000180017de0 f   sfc_debug:sfcdebug.obj
 0001:00016e50       sf_debug_symbol_scope_add_eml_dyn 0000000180017e50 f   sfc_debug:sfcdebug.obj
 0001:00016eb0       sf_debug_symbol_switch     0000000180017eb0 f   sfc_debug:sfcdebug.obj
 0001:00016ed0       sf_debug_symbol_scope_add_verbose 0000000180017ed0 f   sfc_debug:sfcdebug.obj
 0001:00016fa0       sf_debug_set_machine_data_value_ptr 0000000180017fa0 f   sfc_debug:sfcdebug.obj
 0001:00016fe0       sf_debug_set_instance_data_value_ptr 0000000180017fe0 f   sfc_debug:sfcdebug.obj
 0001:000170a0       sf_debug_unset_instance_data_value_ptr 00000001800180a0 f   sfc_debug:sfcdebug.obj
 0001:00017150       sf_debug_set_chart_event_scope 0000000180018150 f   sfc_debug:sfcdebug.obj
 0001:000171d0       sf_debug_set_chart_transition_coverage_maps 00000001800181d0 f   sfc_debug:sfcdebug.obj
 0001:000172e0       sf_debug_set_chart_state_coverage_maps 00000001800182e0 f   sfc_debug:sfcdebug.obj
 0001:000173c0       sf_debug_set_instance_transition_coverage_weights 00000001800183c0 f   sfc_debug:sfcdebug.obj
 0001:00017460       sf_debug_set_instance_state_coverage_weights 0000000180018460 f   sfc_debug:sfcdebug.obj
 0001:000176b0       sf_debug_unload_machine    00000001800186b0 f   sfc_debug:sfcdebug.obj
 0001:00017700       sf_debug_load_machine      0000000180018700 f   sfc_debug:sfcdebug.obj
 0001:00017800       sf_debug_set_active_instance_in_data_dictionary 0000000180018800 f   sfc_debug:sfcdebug.obj
 0001:000179e0       sf_debug_set_active_instance 00000001800189e0 f   sfc_debug:sfcdebug.obj
 0001:00017b20       sf_debug_chart_visiblity_change 0000000180018b20 f   sfc_debug:sfcdebug.obj
 0001:00017c00       sf_debug_select_chart      0000000180018c00 f   sfc_debug:sfcdebug.obj
 0001:00017cd0       sf_debug_set_instance_cv_ids 0000000180018cd0 f   sfc_debug:sfcdebug.obj
 0001:00017fe0       sf_debug_select_charts     0000000180018fe0 f   sfc_debug:sfcdebug.obj
 0001:00018120       sf_debug_initialized       0000000180019120 f   sfc_debug:sfcdebug.obj
 0001:00018130       sf_debug_is_uninterruptible 0000000180019130 f   sfc_debug:sfcdebug.obj
 0001:00018160       sf_debug_initialize_debugger_gui 0000000180019160 f   sfc_debug:sfcdebug.obj
 0001:00018550       sf_debug_resume            0000000180019550 f   sfc_debug:sfcdebug.obj
 0001:00018570       sf_debug_go                0000000180019570 f   sfc_debug:sfcdebug.obj
 0001:00018580       sf_debug_break             0000000180019580 f   sfc_debug:sfcdebug.obj
 0001:00018590       sf_debug_step_over         0000000180019590 f   sfc_debug:sfcdebug.obj
 0001:000185a0       sf_debug_step_out          00000001800195a0 f   sfc_debug:sfcdebug.obj
 0001:000185b0       sf_debug_set_disable_all_breakpoints 00000001800195b0 f   sfc_debug:sfcdebug.obj
 0001:000185c0       sf_debug_disable_all_breakpoints_and_go 00000001800195c0 f   sfc_debug:sfcdebug.obj
 0001:000185d0       sf_debug_break_on_chart_entry 00000001800195d0 f   sfc_debug:sfcdebug.obj
 0001:000185e0       sf_debug_break_on_event_broadcast 00000001800195e0 f   sfc_debug:sfcdebug.obj
 0001:000185f0       sf_debug_break_on_state_entry 00000001800195f0 f   sfc_debug:sfcdebug.obj
 0001:00018600       sf_debug_break_between_times 0000000180019600 f   sfc_debug:sfcdebug.obj
 0001:00018620       sf_debug_browse_data       0000000180019620 f   sfc_debug:sfcdebug.obj
 0001:00018640       sf_debug_watch_data        0000000180019640 f   sfc_debug:sfcdebug.obj
 0001:00018660       sf_debug_assign_data       0000000180019660 f   sfc_debug:sfcdebug.obj
 0001:00018680       sf_debug_whos              0000000180019680 f   sfc_debug:sfcdebug.obj
 0001:000186a0       sf_debug_get_consistency_info 00000001800196a0 f   sfc_debug:sfcdebug.obj
 0001:000186b0       sf_debug_browse_trace      00000001800196b0 f   sfc_debug:sfcdebug.obj
 0001:000186c0       sf_debug_set_breakpoints   00000001800196c0 f   sfc_debug:sfcdebug.obj
 0001:00018820       sf_debug_set_eml_breakpoints 0000000180019820 f   sfc_debug:sfcdebug.obj
 0001:00018980       sf_debug_set_script_breakpoints 0000000180019980 f   sfc_debug:sfcdebug.obj
 0001:00018a00       sf_debug_add_script_breakpoints 0000000180019a00 f   sfc_debug:sfcdebug.obj
 0001:00018a70       sf_debug_clear_script_breakpoints 0000000180019a70 f   sfc_debug:sfcdebug.obj
 0001:00018ae0       sf_debug_query_script_breakpoints 0000000180019ae0 f   sfc_debug:sfcdebug.obj
 0001:00018ba0       sf_debug_get_eml_script_id 0000000180019ba0 f   sfc_debug:sfcdebug.obj
 0001:00018bf0       sf_debug_set_watch         0000000180019bf0 f   sfc_debug:sfcdebug.obj
 0001:00018e20       sf_debug_get_instance_handle 0000000180019e20 f   sfc_debug:sfcdebug.obj
 0001:00018eb0       sf_debug_get_active_states 0000000180019eb0 f   sfc_debug:sfcdebug.obj
 0001:00018ec0       sf_debug_get_animation     0000000180019ec0 f   sfc_debug:sfcdebug.obj
 0001:00018ed0       sf_debug_set_animation     0000000180019ed0 f   sfc_debug:sfcdebug.obj
 0001:00018ee0       sf_debug_animate           0000000180019ee0 f   sfc_debug:sfcdebug.obj
 0001:00018f10       sf_debug_cycle_detection_check 0000000180019f10 f   sfc_debug:sfcdebug.obj
 0001:00018f20       sf_debug_data_range_check  0000000180019f20 f   sfc_debug:sfcdebug.obj
 0001:00018f30       sf_debug_transition_conflict_check 0000000180019f30 f   sfc_debug:sfcdebug.obj
 0001:00018f40       sf_debug_state_consistency_check 0000000180019f40 f   sfc_debug:sfcdebug.obj
 0001:00018f50       sf_debug_data_range_check_enabled 0000000180019f50 f   sfc_debug:sfcdebug.obj
 0001:00018f70       sf_debug_transition_conflict_check_enabled 0000000180019f70 f   sfc_debug:sfcdebug.obj
 0001:00018f90       sf_debug_transition_conflict_check_begin 0000000180019f90 f   sfc_debug:sfcdebug.obj
 0001:00018fb0       sf_debug_transition_conflict_check_end 0000000180019fb0 f   sfc_debug:sfcdebug.obj
 0001:00018fd0       sf_debug_stop_debugging    0000000180019fd0 f   sfc_debug:sfcdebug.obj
 0001:00019000       sf_debug_is_cycle_detected 000000018001a000 f   sfc_debug:sfcdebug.obj
 0001:00019010       sf_debug_is_array_bounds_detected 000000018001a010 f   sfc_debug:sfcdebug.obj
 0001:00019020       sf_debug_get_state_vectors_data_size 000000018001a020 f   sfc_debug:sfcdebug.obj
 0001:00019060       sf_debug_get_state_vectors_data 000000018001a060 f   sfc_debug:sfcdebug.obj
 0001:00019160       sf_debug_set_state_vectors_data 000000018001a160 f   sfc_debug:sfcdebug.obj
 0001:00019420       sf_debug_get_script_index  000000018001a420 f   sfc_debug:sfcdebug.obj
 0001:000195b0       sf_debug_add_script        000000018001a5b0 f   sfc_debug:sfcdebug.obj
 0001:00019740       cv_eval_point              000000018001a740 f   sfc_debug:sfcdebug.obj
 0001:000198b0       cv_eval_testobjective      000000018001a8b0 f   sfc_debug:sfcdebug.obj
 0001:000199d0       sf_debug_cv_init_state     000000018001a9d0 f   sfc_debug:sfcdebug.obj
 0001:00019af0       sf_debug_cv_init_chart     000000018001aaf0 f   sfc_debug:sfcdebug.obj
 0001:00019bd0       sf_debug_cv_init_trans     000000018001abd0 f   sfc_debug:sfcdebug.obj
 0001:00019cd0       sf_debug_cv_init_testobjectives 000000018001acd0 f   sfc_debug:sfcdebug.obj
 0001:00019eb0       cv_eml_init_script         000000018001aeb0 f   sfc_debug:sfcdebug.obj
 0001:00019fb0       cv_eml_init_fcn            000000018001afb0 f   sfc_debug:sfcdebug.obj
 0001:0001a060       cv_eml_init_testobjective  000000018001b060 f   sfc_debug:sfcdebug.obj
 0001:0001a130       cv_eml_init_if             000000018001b130 f   sfc_debug:sfcdebug.obj
 0001:0001a200       cv_eml_init_for            000000018001b200 f   sfc_debug:sfcdebug.obj
 0001:0001a2c0       cv_eml_init_while          000000018001b2c0 f   sfc_debug:sfcdebug.obj
 0001:0001a380       cv_eml_init_mcdc           000000018001b380 f   sfc_debug:sfcdebug.obj
 0001:0001a490       cv_eml_init_switch         000000018001b490 f   sfc_debug:sfcdebug.obj
 0001:0001a580       cv_eml_eval                000000018001b580 f   sfc_debug:sfcdebug.obj
 0001:0001a660       sf_debug_bm_is_a_eml_breakpoint 000000018001b660 f   sfc_debug:sfcdebug.obj
 0001:0001a7b0       sf_debug_temporal_threshold 000000018001b7b0 f   sfc_debug:sfcdebug.obj
 0001:0001ab10       sf_debug_transition_conflict_error 000000018001bb10 f   sfc_debug:sfcdebug.obj
 0001:0001ae90       sf_debug_state_inconsistency_error 000000018001be90 f   sfc_debug:sfcdebug.obj
 0001:0001afb0       sf_debug_check_for_state_inconsistency 000000018001bfb0 f   sfc_debug:sfcdebug.obj
 0001:0001afe0       sf_debug_cycle_detecton_error 000000018001bfe0 f   sfc_debug:sfcdebug.obj
 0001:0001b7d0       sf_debug_size_eq_check_1d  000000018001c7d0 f   sfc_debug:sfcdebug.obj
 0001:0001b7f0       sf_debug_size_eq_check_nd  000000018001c7f0 f   sfc_debug:sfcdebug.obj
 0001:0001b9d0       sf_debug_dim_size_eq_check 000000018001c9d0 f   sfc_debug:sfcdebug.obj
 0001:0001ba00       sf_debug_dim_size_geq_check 000000018001ca00 f   sfc_debug:sfcdebug.obj
 0001:0001ba30       sf_debug_sub_assign_size_check_nd 000000018001ca30 f   sfc_debug:sfcdebug.obj
 0001:0001bc70       sf_debug_matrix_matrix_index_check 000000018001cc70 f   sfc_debug:sfcdebug.obj
 0001:0001bca0       sf_debug_vector_vector_index_check 000000018001cca0 f   sfc_debug:sfcdebug.obj
 0001:0001bcd0       sf_debug_for_loop_vector_check 000000018001ccd0 f   sfc_debug:sfcdebug.obj
 0001:0001bd50       sf_debug_runtime_error_msgid 000000018001cd50 f   sfc_debug:sfcdebug.obj
 0001:0001bde0       sf_debug_data_array_bounds_error_check 000000018001cde0 f   sfc_debug:sfcdebug.obj
 0001:0001bef0       sf_debug_eml_data_array_bounds_error_check 000000018001cef0 f   sfc_debug:sfcdebug.obj
 0001:0001c3d0       sf_debug_integer_check     000000018001d3d0 f   sfc_debug:sfcdebug.obj
 0001:0001c4b0       sf_debug_not_nan_check     000000018001d4b0 f   sfc_debug:sfcdebug.obj
 0001:0001c570       sf_debug_non_negative_check 000000018001d570 f   sfc_debug:sfcdebug.obj
 0001:0001c630       sf_debug_overflow_detection 000000018001d630 f   sfc_debug:sfcdebug.obj
 0001:0001cd20       sf_debug_cast_to_real32_T  000000018001dd20 f   sfc_debug:sfcdebug.obj
 0001:0001cde0       sf_debug_cast_to_int8_T    000000018001dde0 f   sfc_debug:sfcdebug.obj
 0001:0001cea0       sf_debug_cast_to_uint8_T   000000018001dea0 f   sfc_debug:sfcdebug.obj
 0001:0001cf60       sf_debug_cast_to_int16_T   000000018001df60 f   sfc_debug:sfcdebug.obj
 0001:0001d020       sf_debug_cast_to_uint16_T  000000018001e020 f   sfc_debug:sfcdebug.obj
 0001:0001d0e0       sf_debug_cast_to_int32_T   000000018001e0e0 f   sfc_debug:sfcdebug.obj
 0001:0001d1a0       sf_debug_cast_to_uint32_T  000000018001e1a0 f   sfc_debug:sfcdebug.obj
 0001:0001d260       sf_debug_data_range_error  000000018001e260 f   sfc_debug:sfcdebug.obj
 0001:0001d5b0       sf_debug_read_before_write_check 000000018001e5b0 f   sfc_debug:sfcdebug.obj
 0001:0001d9a0       sf_debug_data_range_error_wrapper_min_max 000000018001e9a0 f   sfc_debug:sfcdebug.obj
 0001:0001da90       sf_debug_data_range_error_wrapper_min 000000018001ea90 f   sfc_debug:sfcdebug.obj
 0001:0001db70       sf_debug_data_range_error_wrapper_max 000000018001eb70 f   sfc_debug:sfcdebug.obj
 0001:0001dc50       sf_debug_data_range_wrapper 000000018001ec50 f   sfc_debug:sfcdebug.obj
 0001:0001dd00       sf_debug_set_current_status_info 000000018001ed00 f   sfc_debug:sfcdebug.obj
 0001:0001e0b0       sf_debug_register_message_post_receive_info 000000018001f0b0 f   sfc_debug:sfcdebug.obj
 0001:0001e320       sf_debug_call              000000018001f320 f   sfc_debug:sfcdebug.obj
 0001:0001f1e0       sf_debug_initialize_machine 00000001800201e0 f   sfc_debug:sfcdebug.obj
 0001:0001f4f0       sf_debug_initialize_chart  00000001800204f0 f   sfc_debug:sfcdebug.obj
 0001:0001f9d0       sf_debug_ensure_script     00000001800209d0 f   sfc_debug:sfcdebug.obj
 0001:0001fa90       cv_script_init_script      0000000180020a90 f   sfc_debug:sfcdebug.obj
 0001:0001fb70       cv_script_init_fcn         0000000180020b70 f   sfc_debug:sfcdebug.obj
 0001:0001fc20       cv_script_init_testobjective 0000000180020c20 f   sfc_debug:sfcdebug.obj
 0001:0001fcd0       cv_script_init_if          0000000180020cd0 f   sfc_debug:sfcdebug.obj
 0001:0001fd80       cv_script_init_for         0000000180020d80 f   sfc_debug:sfcdebug.obj
 0001:0001fe30       cv_script_init_while       0000000180020e30 f   sfc_debug:sfcdebug.obj
 0001:0001fee0       cv_script_init_mcdc        0000000180020ee0 f   sfc_debug:sfcdebug.obj
 0001:0001ffe0       cv_script_init_switch      0000000180020fe0 f   sfc_debug:sfcdebug.obj
 0001:000200c0       cv_script_eval             00000001800210c0 f   sfc_debug:sfcdebug.obj
 0001:000201a0       eml_debug_line_call        00000001800211a0 f   sfc_debug:sfcdebug.obj
 0001:00020350       sf_debug_terminate         0000000180021350 f   sfc_debug:sfcdebug.obj
 0001:000204c0       sf_debug_set_script_cv_ids 00000001800214c0 f   sfc_debug:sfcdebug.obj
 0001:000205f0       sf_debug_api               00000001800215f0 f   sfc_debug:sfc_api.obj
 0001:00021dd0       sf_debug_sm_terminate      0000000180022dd0 f   sfc_debug:sfdb_animation.obj
 0001:00021f90       sf_debug_reset_path_objects 0000000180022f90 f   sfc_debug:sfdb_animation.obj
 0001:00022010       sf_debug_sm_reset_object_selection_status 0000000180023010 f   sfc_debug:sfdb_animation.obj
 0001:000220b0       sf_debug_sm_reset_state_buffer 00000001800230b0 f   sfc_debug:sfdb_animation.obj
 0001:00022180       sf_debug_sm_store_state_buffer 0000000180023180 f   sfc_debug:sfdb_animation.obj
 0001:00022200       sf_debug_sm_restore_state_buffer1 0000000180023200 f   sfc_debug:sfdb_animation.obj
 0001:00022270       sf_debug_sm_restore_state_buffer2 0000000180023270 f   sfc_debug:sfdb_animation.obj
 0001:000222e0       sf_debug_sm_chart_active   00000001800232e0 f   sfc_debug:sfdb_animation.obj
 0001:00022330       sf_debug_sm_select_active_objects 0000000180023330 f   sfc_debug:sfdb_animation.obj
 0001:000227e0       sf_debug_sm_is_chart_active 00000001800237e0 f   sfc_debug:sfdb_animation.obj
 0001:00022820       sf_debug_sm_is_state_active 0000000180023820 f   sfc_debug:sfdb_animation.obj
 0001:00022a60       sf_debug_sm_get_active_states 0000000180023a60 f   sfc_debug:sfdb_animation.obj
 0001:00023020       sf_debug_sm_initialize_instance 0000000180024020 f   sfc_debug:sfdb_animation.obj
 0001:00023270       sf_debug_sm_change_object_selection_status 0000000180024270 f   sfc_debug:sfdb_animation.obj
 0001:00023560       cv_create_interface        0000000180024560 f   sfc_debug:cv_sfinterface.obj
 0001:000238c0       cv_init_trans              00000001800248c0 f   sfc_debug:cv_sfinterface.obj
 0001:00023910       cv_init_testobjective      0000000180024910 f   sfc_debug:cv_sfinterface.obj
 0001:00023950       cv_init_state              0000000180024950 f   sfc_debug:cv_sfinterface.obj
 0001:000239c0       cv_init_chart              00000001800249c0 f   sfc_debug:cv_sfinterface.obj
 0001:00023a10       cv_dec_update_call         0000000180024a10 f   sfc_debug:cv_sfinterface.obj
 0001:00023a50       cv_cond_update_call        0000000180024a50 f   sfc_debug:cv_sfinterface.obj
 0001:00023a90       cv_testobjective_update_call 0000000180024a90 f   sfc_debug:cv_sfinterface.obj
 0001:00023ad0       cv_sigrange_update         0000000180024ad0 f   sfc_debug:cv_sfinterface.obj
 0001:00023b10       cvsf_eml_eval              0000000180024b10 f   sfc_debug:cv_sfinterface.obj
 0001:00023bf0       cvsf_eml_init_script       0000000180024bf0 f   sfc_debug:cv_sfinterface.obj
 0001:00023c70       cvsf_eml_init_fcn          0000000180024c70 f   sfc_debug:cv_sfinterface.obj
 0001:00023cd0       cvsf_eml_init_testobjective 0000000180024cd0 f   sfc_debug:cv_sfinterface.obj
 0001:00023d30       cvsf_eml_init_if           0000000180024d30 f   sfc_debug:cv_sfinterface.obj
 0001:00023d90       cvsf_eml_init_for          0000000180024d90 f   sfc_debug:cv_sfinterface.obj
 0001:00023de0       cvsf_eml_init_while        0000000180024de0 f   sfc_debug:cv_sfinterface.obj
 0001:00023e30       cvsf_eml_init_mcdc         0000000180024e30 f   sfc_debug:cv_sfinterface.obj
 0001:00023ec0       cvsf_eml_init_switch       0000000180024ec0 f   sfc_debug:cv_sfinterface.obj
 0001:00023f30       cvsf_script_eval           0000000180024f30 f   sfc_debug:cv_sfinterface.obj
 0001:00024010       cvsf_script_init_script    0000000180025010 f   sfc_debug:cv_sfinterface.obj
 0001:00024090       cvsf_script_init_fcn       0000000180025090 f   sfc_debug:cv_sfinterface.obj
 0001:000240f0       cvsf_script_init_testobjective 00000001800250f0 f   sfc_debug:cv_sfinterface.obj
 0001:00024150       cvsf_script_init_if        0000000180025150 f   sfc_debug:cv_sfinterface.obj
 0001:000241b0       cvsf_script_init_for       00000001800251b0 f   sfc_debug:cv_sfinterface.obj
 0001:00024200       cvsf_script_init_while     0000000180025200 f   sfc_debug:cv_sfinterface.obj
 0001:00024250       cvsf_script_init_mcdc      0000000180025250 f   sfc_debug:cv_sfinterface.obj
 0001:000242e0       cvsf_script_init_switch    00000001800252e0 f   sfc_debug:cv_sfinterface.obj
 0001:00024350       cv_destroy_interface       0000000180025350 f   sfc_debug:cv_sfinterface.obj
 0001:00024370       cv_create_instance_objects 0000000180025370 f   sfc_debug:cv_sfinterface.obj
 0001:00024820       cv_is_enabled              0000000180025820 f   sfc_debug:cv_sfinterface.obj
 0001:00024830       sf_debug_cv_initialize_script 0000000180025830 f   sfc_debug:cv_sfinterface.obj
 0001:000249e0       sf_debug_cv_initialize_instance 00000001800259e0 f   sfc_debug:cv_sfinterface.obj
 0001:00024d80       sf_debug_cv_terminate_chart 0000000180025d80 f   sfc_debug:cv_sfinterface.obj
 0001:00024ec0       cv_call_trans_test         0000000180025ec0 f   sfc_debug:cv_sfinterface.obj
 0001:00024ed0       cv_call_sub_cond_test      0000000180025ed0 f   sfc_debug:cv_sfinterface.obj
 0001:00024f10       sf_debug_st_initialize_machine 0000000180025f10 f   sfc_debug:sfdb_data_browse.obj
 0001:00024fd0       sf_debug_st_initialize_instance 0000000180025fd0 f   sfc_debug:sfdb_data_browse.obj
 0001:00025200       sf_debug_st_terminate      0000000180026200 f   sfc_debug:sfdb_data_browse.obj
 0001:000255a0       sf_debug_st_set_data_value_ptr_in_machine 00000001800265a0 f   sfc_debug:sfdb_data_browse.obj
 0001:00025630       sf_debug_st_set_data_value_ptr_in_instance 0000000180026630 f   sfc_debug:sfdb_data_browse.obj
 0001:00025710       sf_debug_st_unset_data_value_ptr_in_machine 0000000180026710 f   sfc_debug:sfdb_data_browse.obj
 0001:00025780       sf_debug_st_unset_data_value_ptr_in_instance 0000000180026780 f   sfc_debug:sfdb_data_browse.obj
 0001:00025a90       sf_debug_mx_value          0000000180026a90 f   sfc_debug:sfdb_data_browse.obj
 0001:00025af0       sf_debug_mx_packed_vector  0000000180026af0 f   sfc_debug:sfdb_data_browse.obj
 0001:00025bd0       sf_debug_mx_uint_vector    0000000180026bd0 f   sfc_debug:sfdb_data_browse.obj
 0001:00025c90       sf_debug_st_get_double_value_from_void_ptr_vector 0000000180026c90 f   sfc_debug:sfdb_data_browse.obj
 0001:00026780       sf_debug_st_browse_data    0000000180027780 f   sfc_debug:sfdb_data_browse.obj
 0001:00027010       sf_debug_hm_initialize_instance 0000000180028010 f   sfc_debug:sfdb_handle_management.obj
 0001:00027590       sf_debug_hm_get_object_id  0000000180028590 f   sfc_debug:sfdb_handle_management.obj
 0001:00029500       sf_debug_object_is_eml_function 000000018002a500 f   sfc_debug:sfdb_handle_management.obj
 0001:00029570       sf_debug_hm_initialize_ids_in_machine 000000018002a570 f   sfc_debug:sfdb_handle_management.obj
 0001:000296e0       sf_debug_hm_initialize_ids_in_chart 000000018002a6e0 f   sfc_debug:sfdb_handle_management.obj
 0001:00029820       sf_debug_hm_initialize_chart 000000018002a820 f   sfc_debug:sfdb_handle_management.obj
 0001:00029fd0       sf_debug_hm_terminate      000000018002afd0 f   sfc_debug:sfdb_handle_management.obj
 0001:0002a030       sf_debug_hm_initialize_machine 000000018002b030 f   sfc_debug:sfdb_handle_management.obj
 0001:0002a7e0       sf_debug_ss_initialize     000000018002b7e0 f   sfc_debug:sfdb_symbol_scope.obj
 0001:0002a800       sf_debug_ss_terminate      000000018002b800 f   sfc_debug:sfdb_symbol_scope.obj
 0001:0002a890       sf_debug_ss_push_symbol_scope 000000018002b890 f   sfc_debug:sfdb_symbol_scope.obj
 0001:0002a990       sf_debug_ss_push_symbol_scope_eml 000000018002b990 f   sfc_debug:sfdb_symbol_scope.obj
 0001:0002a9f0       sf_debug_ss_pop_symbol_scope 000000018002b9f0 f   sfc_debug:sfdb_symbol_scope.obj
 0001:0002aaa0       sf_debug_ss_add_symbol     000000018002baa0 f   sfc_debug:sfdb_symbol_scope.obj
 0001:0002ac00       sf_debug_ss_add_symbol_eml 000000018002bc00 f   sfc_debug:sfdb_symbol_scope.obj
 0001:0002b8e0       sf_debug_ss_set_data_value 000000018002c8e0 f   sfc_debug:sfdb_symbol_scope.obj
 0001:0002bd80       sf_debug_ss_watch_data     000000018002cd80 f   sfc_debug:sfdb_symbol_scope.obj
 0001:0002be20       sf_debug_ss_assign_data    000000018002ce20 f   sfc_debug:sfdb_symbol_scope.obj
 0001:0002c820       get_data_entry_name        000000018002d820 f   sfc_debug:sfdb_symbol_scope.obj
 0001:0002c870       sf_debug_ss_whos           000000018002d870 f   sfc_debug:sfdb_symbol_scope.obj
 0001:0002cf80       sf_debug_cc_initialize_chart 000000018002df80 f   sfc_debug:sfdb_coverage.obj
 0001:0002d970       sf_debug_cc_initialize_instance 000000018002e970 f   sfc_debug:sfdb_coverage.obj
 0001:0002e770       sf_debug_cc_terminate      000000018002f770 f   sfc_debug:sfdb_coverage.obj
 0001:0002e860       sf_debug_cc_set_transition_maps 000000018002f860 f   sfc_debug:sfdb_coverage.obj
 0001:0002e990       sf_debug_cc_set_state_maps 000000018002f990 f   sfc_debug:sfdb_coverage.obj
 0001:0002ea70       sf_debug_cc_set_transition_weights 000000018002fa70 f   sfc_debug:sfdb_coverage.obj
 0001:0002ed40       sf_debug_cc_set_state_weights 000000018002fd40 f   sfc_debug:sfdb_coverage.obj
 0001:0002f010       sf_debug_cc_mark_transition_guard 0000000180030010 f   sfc_debug:sfdb_coverage.obj
 0001:0002f0a0       sf_debug_cc_mark_transition_trigger 00000001800300a0 f   sfc_debug:sfdb_coverage.obj
 0001:0002f130       sf_debug_cc_mark_transition_decision 0000000180030130 f   sfc_debug:sfdb_coverage.obj
 0001:0002f1a0       sf_debug_cc_mark_transition_condition_action 00000001800301a0 f   sfc_debug:sfdb_coverage.obj
 0001:0002f1f0       sf_debug_cc_mark_transition_transition_action 00000001800301f0 f   sfc_debug:sfdb_coverage.obj
 0001:0002f240       sf_debug_cc_mark_state_entry 0000000180030240 f   sfc_debug:sfdb_coverage.obj
 0001:0002f290       sf_debug_cc_mark_state_during 0000000180030290 f   sfc_debug:sfdb_coverage.obj
 0001:0002f2e0       sf_debug_cc_mark_state_exit 00000001800302e0 f   sfc_debug:sfdb_coverage.obj
 0001:0002f330       sf_debug_bm_clear_script_breakpoints 0000000180030330 f   sfc_debug:sfdb_breakpoints.obj
 0001:0002f360       sf_debug_bm_set_script_breakpoint 0000000180030360 f   sfc_debug:sfdb_breakpoints.obj
 0001:0002f3e0       sf_debug_bm_clear_single_script_breakpoint 00000001800303e0 f   sfc_debug:sfdb_breakpoints.obj
 0001:0002f460       sf_debug_bm_query_script_breakpoint 0000000180030460 f   sfc_debug:sfdb_breakpoints.obj
 0001:0002f4b0       sf_debug_bm_initialize_scripts 00000001800304b0 f   sfc_debug:sfdb_breakpoints.obj
 0001:0002fbd0       sf_debug_bm_terminate      0000000180030bd0 f   sfc_debug:sfdb_breakpoints.obj
 0001:0002fec0       sf_debug_bm_remove_all_breakpoints_in_machine 0000000180030ec0 f   sfc_debug:sfdb_breakpoints.obj
 0001:0002ff30       sf_debug_bm_remove_all_breakpoints_in_chart 0000000180030f30 f   sfc_debug:sfdb_breakpoints.obj
 0001:00030080       sf_debug_bm_initialize_global_breakpoints 0000000180031080 f   sfc_debug:sfdb_breakpoints.obj
 0001:00030200       sf_debug_bm_set_breakpoint 0000000180031200 f   sfc_debug:sfdb_breakpoints.obj
 0001:00030830       sf_debug_bm_set_eml_breakpoint 0000000180031830 f   sfc_debug:sfdb_breakpoints.obj
 0001:000308d0       sf_debug_bm_initialize_machine_breakpoint_map 00000001800318d0 f   sfc_debug:sfdb_breakpoints.obj
 0001:00030cf0       sf_debug_bm_is_a_breakpoint 0000000180031cf0 f   sfc_debug:sfdb_breakpoints.obj
 0001:00031210       sf_debug_bm_get_all_breakpoints_in_machine 0000000180032210 f   sfc_debug:sfdb_breakpoints.obj
 0001:00031510       sf_debug_bm_get_all_breakpoints_in_chart 0000000180032510 f   sfc_debug:sfdb_breakpoints.obj
 0001:000321d0       sf_debug_bm_initialize_machine 00000001800331d0 f   sfc_debug:sfdb_breakpoints.obj
 0001:000322a0       sf_debug_bm_initialize_chart 00000001800332a0 f   sfc_debug:sfdb_breakpoints.obj
 0001:000326c0       sf_debug_sc_terminate      00000001800336c0 f   sfc_debug:sfdb_state_consistency.obj
 0001:000329f0       sf_debug_sc_is_chart_consistent 00000001800339f0 f   sfc_debug:sfdb_state_consistency.obj
 0001:00032ca0       sf_debug_sc_get_consistency_error_info 0000000180033ca0 f   sfc_debug:sfdb_state_consistency.obj
 0001:000330f0       sf_debug_tm_terminate      00000001800340f0 f   sfc_debug:sfdb_call_stack.obj
 0001:000331b0       sf_debug_tm_push_chart_instance 00000001800341b0 f   sfc_debug:sfdb_call_stack.obj
 0001:00033300       sf_debug_tm_pop_chart_instance 0000000180034300 f   sfc_debug:sfdb_call_stack.obj
 0001:00033360       sf_debug_tm_push_trace_node 0000000180034360 f   sfc_debug:sfdb_call_stack.obj
 0001:000334f0       sf_debug_tm_pop_trace_node 00000001800344f0 f   sfc_debug:sfdb_call_stack.obj
 0001:00033570       sf_debug_tm_get_current_global_trace_index 0000000180034570 f   sfc_debug:sfdb_call_stack.obj
 0001:00033580       sf_debug_tm_get_current_local_trace_index 0000000180034580 f   sfc_debug:sfdb_call_stack.obj
 0001:000335b0       sf_debug_tm_set_cycle_detected_flag 00000001800345b0 f   sfc_debug:sfdb_call_stack.obj
 0001:000335f0       sf_debug_tm_set_cycle_started_flag 00000001800345f0 f   sfc_debug:sfdb_call_stack.obj
 0001:00033630       sf_debug_tm_get_chart_number_from_stack 0000000180034630 f   sfc_debug:sfdb_call_stack.obj
 0001:00033830       sf_debug_tm_browse_trace   0000000180034830 f   sfc_debug:sfdb_call_stack.obj
 0001:00033b70       sf_debug_cd_initialize_instance 0000000180034b70 f   sfc_debug:sfdb_cycle_detection.obj
 0001:00033e20       sf_debug_cd_mark_processed_transition_in_instance 0000000180034e20 f   sfc_debug:sfdb_cycle_detection.obj
 0001:00033ec0       sf_debug_cd_checksum_push  0000000180034ec0 f   sfc_debug:sfdb_cycle_detection.obj
 0001:00034180       sf_debug_cd_checksum_pop   0000000180035180 f   sfc_debug:sfdb_cycle_detection.obj
 0001:000341f0       sf_debug_cd_turn_off_cycle_detection 00000001800351f0 f   sfc_debug:sfdb_cycle_detection.obj
 0001:00034240       sf_debug_cd_terminate      0000000180035240 f   sfc_debug:sfdb_cycle_detection.obj
 0001:00034480       md5_initialize_state       0000000180035480 f   sfc_debug:ckmd5.obj
 0001:00034ef0       md5_update_state           0000000180035ef0 f   sfc_debug:ckmd5.obj
 0001:00034f10       md5_get_hash               0000000180035f10 f   sfc_debug:ckmd5.obj
 0001:00034f40       md5_get_hash_for_a_single_string 0000000180035f40 f   sfc_debug:ckmd5.obj
 0001:00034fa4       mxGetPr                    0000000180035fa4 f   libmx:libmx.dll
 0001:00034faa       mxCreateDoubleScalar       0000000180035faa f   libmx:libmx.dll
 0001:00034fb0       mxCreateDoubleMatrix_730   0000000180035fb0 f   libmx:libmx.dll
 0001:00034fb6       mxSetField_730             0000000180035fb6 f   libmx:libmx.dll
 0001:00034fbc       mxCreateString             0000000180035fbc f   libmx:libmx.dll
 0001:00034fc2       mxCreateStructMatrix_730   0000000180035fc2 f   libmx:libmx.dll
 0001:00034fc8       mxDestroyArray             0000000180035fc8 f   libmx:libmx.dll
 0001:00034fce       mxDuplicateArray           0000000180035fce f   libmx:libmx.dll
 0001:00034fd4       mxGetString_730            0000000180035fd4 f   libmx:libmx.dll
 0001:00034fda       mxIsChar                   0000000180035fda f   libmx:libmx.dll
 0001:00034fe0       mxGetClassID               0000000180035fe0 f   libmx:libmx.dll
 0001:00034fe6       mxIsNumeric                0000000180035fe6 f   libmx:libmx.dll
 0001:00034fec       mxIsComplex                0000000180035fec f   libmx:libmx.dll
 0001:00034ff2       mxGetN                     0000000180035ff2 f   libmx:libmx.dll
 0001:00034ff8       mxGetM                     0000000180035ff8 f   libmx:libmx.dll
 0001:00034ffe       mxCalloc                   0000000180035ffe f   libmx:libmx.dll
 0001:00035004       mxGetScalar                0000000180036004 f   libmx:libmx.dll
 0001:0003500a       mxIsLogical                000000018003600a f   libmx:libmx.dll
 0001:00035010       mxCreateDoubleMatrix_700   0000000180036010 f   libmx:libmx.dll
 0001:00035016       mxFree                     0000000180036016 f   libmx:libmx.dll
 0001:0003501c       mxArrayToString            000000018003601c f   libmx:libmx.dll
 0001:00035022       mxCreateCellMatrix_700     0000000180036022 f   libmx:libmx.dll
 0001:00035028       mxSetCell_700              0000000180036028 f   libmx:libmx.dll
 0001:0003502e       mxGetCell_700              000000018003602e f   libmx:libmx.dll
 0001:00035034       mxGetClassName             0000000180036034 f   libmx:libmx.dll
 0001:0003503a       mxSetField_700             000000018003603a f   libmx:libmx.dll
 0001:00035040       mxAddField                 0000000180036040 f   libmx:libmx.dll
 0001:00035046       mxGetField_700             0000000180036046 f   libmx:libmx.dll
 0001:0003504c       mxGetNumberOfElements      000000018003604c f   libmx:libmx.dll
 0001:00035052       mxIsStruct                 0000000180036052 f   libmx:libmx.dll
 0001:00035058       mxIsA                      0000000180036058 f   libmx:libmx.dll
 0001:0003505e       mxIsClass                  000000018003605e f   libmx:libmx.dll
 0001:00035064       mxGetLogicals              0000000180036064 f   libmx:libmx.dll
 0001:0003506a       mxIsSparse                 000000018003606a f   libmx:libmx.dll
 0001:00035070       mxSetFieldByNumber_700     0000000180036070 f   libmx:libmx.dll
 0001:00035076       mxGetFieldByNumber_700     0000000180036076 f   libmx:libmx.dll
 0001:0003507c       mxGetFieldNameByNumber     000000018003607c f   libmx:libmx.dll
 0001:00035082       mxGetNumberOfFields        0000000180036082 f   libmx:libmx.dll
 0001:00035088       mxCreateStructMatrix_700   0000000180036088 f   libmx:libmx.dll
 0001:0003508e       mxGetFieldNumber           000000018003608e f   libmx:libmx.dll
 0001:00035094       mxIsNaN                    0000000180036094 f   libmx:libmx.dll
 0001:0003509a       mxIsEmpty                  000000018003609a f   libmx:libmx.dll
 0001:000350a0       mxGetData                  00000001800360a0 f   libmx:libmx.dll
 0001:000350a6       mxGetImagData              00000001800360a6 f   libmx:libmx.dll
 0001:000350ac       mxArrayClassIDName         00000001800360ac f   libmx:libmx.dll
 0001:000350b2       mxCreateNumericMatrix_700  00000001800360b2 f   libmx:libmx.dll
 0001:000350b8       mxCreateStructArray_700    00000001800360b8 f   libmx:libmx.dll
 0001:000350be       mxCalcSingleSubscript_700  00000001800360be f   libmx:libmx.dll
 0001:000350c4       mxGetDimensions_700        00000001800360c4 f   libmx:libmx.dll
 0001:000350ca       mxGetNumberOfDimensions_700 00000001800360ca f   libmx:libmx.dll
 0001:000350d0       mxCreateNumericArray_700   00000001800360d0 f   libmx:libmx.dll
 0001:000350d6       mxGetElementSize           00000001800360d6 f   libmx:libmx.dll
 0001:000350dc       mxCreateStringFromNChars_700 00000001800360dc f   libmx:libmx.dll
 0001:000350e2       mxGetString_700            00000001800360e2 f   libmx:libmx.dll
 0001:000350e8       mxIsLogicalScalarTrue      00000001800360e8 f   libmx:libmx.dll
 0001:000350ee       mxCreateLogicalScalar      00000001800360ee f   libmx:libmx.dll
 0001:000350f4       mexUnlock                  00000001800360f4 f   libmex:libmex.dll
 0001:000350fa       mexIsLocked                00000001800360fa f   libmex:libmex.dll
 0001:00035100       mexWarnMsgTxt              0000000180036100 f   libmex:libmex.dll
 0001:00035106       mexCallMATLAB              0000000180036106 f   libmex:libmex.dll
 0001:0003510c       mexErrMsgTxt               000000018003610c f   libmex:libmex.dll
 0001:00035112       mexMakeArrayPersistent     0000000180036112 f   libmex:libmex.dll
 0001:00035118       mexSetTrapFlag             0000000180036118 f   libmex:libmex.dll
 0001:0003511e       mexPutVariable             000000018003611e f   libmex:libmex.dll
 0001:00035124       mexGetVariable             0000000180036124 f   libmex:libmex.dll
 0001:0003512a       mexLock                    000000018003612a f   libmex:libmex.dll
 0001:00035130       mexMakeMemoryPersistent    0000000180036130 f   libmex:libmex.dll
 0001:00035136       mexFunctionName            0000000180036136 f   libmex:libmex.dll
 0001:0003513c       ssRegisterDataTypeFxpFSlopeFixExpBias 000000018003613c f   libfixedpoint:libfixedpoint.dll
 0001:00035142       utVSNprintf                0000000180036142 f   libut:libut.dll
 0001:00035148       utCPUtime                  0000000180036148 f   libut:libut.dll
 0001:0003514e       utFree                     000000018003614e f   libut:libut.dll
 0001:00035154       utMalloc                   0000000180036154 f   libut:libut.dll
 0001:0003515a       emlrtCheckBuiltInCtxR2011a 000000018003615a f   libemlrt:libemlrt.dll
 0001:00035160       emlrtCheckVsBuiltInCtxR2011a 0000000180036160 f   libemlrt:libemlrt.dll
 0001:00035166       emlrtCheckEnumR2009a       0000000180036166 f   libemlrt:libemlrt.dll
 0001:0003516c       emlrtCreateEnumR2010a      000000018003616c f   libemlrt:libemlrt.dll
 0001:00035172       emlrtGetEnumElementR2009a  0000000180036172 f   libemlrt:libemlrt.dll
 0001:00035178       emlrtCreateReference       0000000180036178 f   libemlrt:libemlrt.dll
 0001:0003517e       emlrtImportVsFiArrayR2009b 000000018003617e f   libemlrt:libemlrt.dll
 0001:00035184       emlrtNameCapturePostProcessR2012a 0000000180036184 f   libemlrt:libemlrt.dll
 0001:0003518a       emlrtExtractMessageId      000000018003618a f   libemlrt:libemlrt.dll
 0001:00035190       emlrtTranslateMessageIDtoLCPstring 0000000180036190 f   libemlrt:libemlrt.dll
 0001:00035196       emlrtForLoopVectorIsValidR2011b 0000000180036196 f   libemlrt:libemlrt.dll
 0001:0003519c       emlrtTranslateUTF16MessagetoLCPstring 000000018003619c f   libemlrt:libemlrt.dll
 0001:000351a2       emlrtGetEnumUnderlyingArrayR2009a 00000001800361a2 f   libemlrt:libemlrt.dll
 0001:000351a8       emlrtIsEnumR2009a          00000001800361a8 f   libemlrt:libemlrt.dll
 0001:000351ae       strlen                     00000001800361ae f   MSVCRT:MSVCR100.dll
 0001:000351b4       __GSHandlerCheckCommon     00000001800361b4 f   MSVCRT:gshandler.obj
 0001:00035218       __GSHandlerCheck           0000000180036218 f   MSVCRT:gshandler.obj
 0001:00035250       __security_check_cookie    0000000180036250 f   MSVCRT:amdsecgs.obj
 0001:00035280       _alloca_probe              0000000180036280     MSVCRT:chkstk.obj
 0001:00035280       __chkstk                   0000000180036280 f   MSVCRT:chkstk.obj
 0001:000352ce       memset                     00000001800362ce f   MSVCRT:MSVCR100.dll
 0001:000352d4       malloc                     00000001800362d4 f   MSVCRT:MSVCR100.dll
 0001:000352da       free                       00000001800362da f   MSVCRT:MSVCR100.dll
 0001:000352e0       strcmp                     00000001800362e0 f   MSVCRT:MSVCR100.dll
 0001:000352e6       sprintf                    00000001800362e6 f   MSVCRT:MSVCR100.dll
 0001:000352ec       strcat                     00000001800362ec f   MSVCRT:MSVCR100.dll
 0001:000352f2       memcpy                     00000001800362f2 f   MSVCRT:MSVCR100.dll
 0001:000352f8       NtCurrentTeb               00000001800362f8 f i MSVCRT:crtdll.obj
 0001:00035364       _CRT_INIT                  0000000180036364 f   MSVCRT:crtdll.obj
 0001:000356fc       _DllMainCRTStartup         00000001800366fc f   MSVCRT:crtdll.obj
 0001:0003573a       strncpy                    000000018003673a f   MSVCRT:MSVCR100.dll
 0001:00035740       longjmp                    0000000180036740 f   MSVCRT:MSVCR100.dll
 0001:00035746       strncmp                    0000000180036746 f   MSVCRT:MSVCR100.dll
 0001:0003574c       ceil                       000000018003674c f   MSVCRT:MSVCR100.dll
 0001:00035752       strrchr                    0000000180036752 f   MSVCRT:MSVCR100.dll
 0001:00035758       _setjmp                    0000000180036758 f   MSVCRT:MSVCR100.dll
 0001:0003575e       calloc                     000000018003675e f   MSVCRT:MSVCR100.dll
 0001:00035764       realloc                    0000000180036764 f   MSVCRT:MSVCR100.dll
 0001:0003576a       ldexp                      000000018003676a f   MSVCRT:MSVCR100.dll
 0001:00035770       __report_gsfailure         0000000180036770 f   MSVCRT:gs_report.obj
 0001:000358bc       __clean_type_info_names    00000001800368bc f   MSVCRT:tncleanup.obj
 0001:000358c8       _onexit                    00000001800368c8 f   MSVCRT:atonexit.obj
 0001:00035978       atexit                     0000000180036978 f   MSVCRT:atonexit.obj
 0001:00035990       _RTC_Initialize            0000000180036990 f   MSVCRT:_initsect_.obj
 0001:000359c8       _RTC_Terminate             00000001800369c8 f   MSVCRT:_initsect_.obj
 0001:00035a00       _malloc_crt                0000000180036a00 f   MSVCRT:MSVCR100.dll
 0001:00035a10       _ValidateImageBase         0000000180036a10 f   MSVCRT:pesect.obj
 0001:00035a40       _FindPESection             0000000180036a40 f   MSVCRT:pesect.obj
 0001:00035a90       _IsNonwritableInCurrentImage 0000000180036a90 f   MSVCRT:pesect.obj
 0001:00035ad2       _initterm                  0000000180036ad2 f   MSVCRT:MSVCR100.dll
 0001:00035ad8       _initterm_e                0000000180036ad8 f   MSVCRT:MSVCR100.dll
 0001:00035ade       _encoded_null              0000000180036ade f   MSVCRT:MSVCR100.dll
 0001:00035ae4       _amsg_exit                 0000000180036ae4 f   MSVCRT:MSVCR100.dll
 0001:00035aea       __C_specific_handler       0000000180036aea f   MSVCRT:MSVCR100.dll
 0001:00035af0       __CppXcptFilter            0000000180036af0 f   MSVCRT:MSVCR100.dll
 0001:00035af8       DllMain                    0000000180036af8 f   MSVCRT:dllmain.obj
 0001:00035b1c       __security_init_cookie     0000000180036b1c f   MSVCRT:gs_support.obj
 0001:00035bd0       __crt_debugger_hook        0000000180036bd0 f   MSVCRT:MSVCR100.dll
 0001:00035bd6       __clean_type_info_names_internal 0000000180036bd6 f   MSVCRT:MSVCR100.dll
 0001:00035bdc       _unlock                    0000000180036bdc f   MSVCRT:MSVCR100.dll
 0001:00035be2       __dllonexit                0000000180036be2 f   MSVCRT:MSVCR100.dll
 0001:00035be8       _lock                      0000000180036be8 f   MSVCRT:MSVCR100.dll
 0001:00035bee       EncodePointer              0000000180036bee f   kernel32:KERNEL32.dll
 0001:00035bf4       DecodePointer              0000000180036bf4 f   kernel32:KERNEL32.dll
 0001:00035bfa       Sleep                      0000000180036bfa f   kernel32:KERNEL32.dll
 0001:00035c00       TerminateProcess           0000000180036c00 f   kernel32:KERNEL32.dll
 0001:00035c06       GetCurrentProcess          0000000180036c06 f   kernel32:KERNEL32.dll
 0001:00035c0c       UnhandledExceptionFilter   0000000180036c0c f   kernel32:KERNEL32.dll
 0001:00035c12       SetUnhandledExceptionFilter 0000000180036c12 f   kernel32:KERNEL32.dll
 0001:00035c18       IsDebuggerPresent          0000000180036c18 f   kernel32:KERNEL32.dll
 0001:00035c1e       RtlVirtualUnwind           0000000180036c1e f   kernel32:KERNEL32.dll
 0001:00035c24       RtlLookupFunctionEntry     0000000180036c24 f   kernel32:KERNEL32.dll
 0001:00035c2a       RtlCaptureContext          0000000180036c2a f   kernel32:KERNEL32.dll
 0001:00035c30       DisableThreadLibraryCalls  0000000180036c30 f   kernel32:KERNEL32.dll
 0001:00035c36       QueryPerformanceCounter    0000000180036c36 f   kernel32:KERNEL32.dll
 0001:00035c3c       GetTickCount               0000000180036c3c f   kernel32:KERNEL32.dll
 0001:00035c42       GetCurrentThreadId         0000000180036c42 f   kernel32:KERNEL32.dll
 0001:00035c48       GetCurrentProcessId        0000000180036c48 f   kernel32:KERNEL32.dll
 0001:00035c4e       GetSystemTimeAsFileTime    0000000180036c4e f   kernel32:KERNEL32.dll
 0002:00000000       __imp_GetSystemTimeAsFileTime 0000000180037000     kernel32:KERNEL32.dll
 0002:00000008       __imp_GetCurrentProcessId  0000000180037008     kernel32:KERNEL32.dll
 0002:00000010       __imp_GetCurrentThreadId   0000000180037010     kernel32:KERNEL32.dll
 0002:00000018       __imp_GetTickCount         0000000180037018     kernel32:KERNEL32.dll
 0002:00000020       __imp_QueryPerformanceCounter 0000000180037020     kernel32:KERNEL32.dll
 0002:00000028       __imp_DisableThreadLibraryCalls 0000000180037028     kernel32:KERNEL32.dll
 0002:00000030       __imp_RtlCaptureContext    0000000180037030     kernel32:KERNEL32.dll
 0002:00000038       __imp_RtlLookupFunctionEntry 0000000180037038     kernel32:KERNEL32.dll
 0002:00000040       __imp_RtlVirtualUnwind     0000000180037040     kernel32:KERNEL32.dll
 0002:00000048       __imp_IsDebuggerPresent    0000000180037048     kernel32:KERNEL32.dll
 0002:00000050       __imp_SetUnhandledExceptionFilter 0000000180037050     kernel32:KERNEL32.dll
 0002:00000058       __imp_UnhandledExceptionFilter 0000000180037058     kernel32:KERNEL32.dll
 0002:00000060       __imp_GetCurrentProcess    0000000180037060     kernel32:KERNEL32.dll
 0002:00000068       __imp_TerminateProcess     0000000180037068     kernel32:KERNEL32.dll
 0002:00000070       __imp_Sleep                0000000180037070     kernel32:KERNEL32.dll
 0002:00000078       __imp_DecodePointer        0000000180037078     kernel32:KERNEL32.dll
 0002:00000080       __imp_EncodePointer        0000000180037080     kernel32:KERNEL32.dll
 0002:00000088       \177KERNEL32_NULL_THUNK_DATA 0000000180037088     kernel32:KERNEL32.dll
 0002:00000090       __imp__onexit              0000000180037090     MSVCRT:MSVCR100.dll
 0002:00000098       __imp__lock                0000000180037098     MSVCRT:MSVCR100.dll
 0002:000000a0       __imp___dllonexit          00000001800370a0     MSVCRT:MSVCR100.dll
 0002:000000a8       __imp__unlock              00000001800370a8     MSVCRT:MSVCR100.dll
 0002:000000b0       __imp___clean_type_info_names_internal 00000001800370b0     MSVCRT:MSVCR100.dll
 0002:000000b8       __imp___crt_debugger_hook  00000001800370b8     MSVCRT:MSVCR100.dll
 0002:000000c0       __imp___CppXcptFilter      00000001800370c0     MSVCRT:MSVCR100.dll
 0002:000000c8       __imp___C_specific_handler 00000001800370c8     MSVCRT:MSVCR100.dll
 0002:000000d0       __imp__amsg_exit           00000001800370d0     MSVCRT:MSVCR100.dll
 0002:000000d8       __imp__encoded_null        00000001800370d8     MSVCRT:MSVCR100.dll
 0002:000000e0       __imp__initterm_e          00000001800370e0     MSVCRT:MSVCR100.dll
 0002:000000e8       __imp__initterm            00000001800370e8     MSVCRT:MSVCR100.dll
 0002:000000f0       __imp__malloc_crt          00000001800370f0     MSVCRT:MSVCR100.dll
 0002:000000f8       __imp_ldexp                00000001800370f8     MSVCRT:MSVCR100.dll
 0002:00000100       __imp_realloc              0000000180037100     MSVCRT:MSVCR100.dll
 0002:00000108       __imp_calloc               0000000180037108     MSVCRT:MSVCR100.dll
 0002:00000110       __imp__setjmp              0000000180037110     MSVCRT:MSVCR100.dll
 0002:00000118       __imp_strrchr              0000000180037118     MSVCRT:MSVCR100.dll
 0002:00000120       __imp_ceil                 0000000180037120     MSVCRT:MSVCR100.dll
 0002:00000128       __imp_strncmp              0000000180037128     MSVCRT:MSVCR100.dll
 0002:00000130       __imp_longjmp              0000000180037130     MSVCRT:MSVCR100.dll
 0002:00000138       __imp_strncpy              0000000180037138     MSVCRT:MSVCR100.dll
 0002:00000140       __imp_memcpy               0000000180037140     MSVCRT:MSVCR100.dll
 0002:00000148       __imp_strcat               0000000180037148     MSVCRT:MSVCR100.dll
 0002:00000150       __imp_sprintf              0000000180037150     MSVCRT:MSVCR100.dll
 0002:00000158       __imp_strcmp               0000000180037158     MSVCRT:MSVCR100.dll
 0002:00000160       __imp_free                 0000000180037160     MSVCRT:MSVCR100.dll
 0002:00000168       __imp_malloc               0000000180037168     MSVCRT:MSVCR100.dll
 0002:00000170       __imp_memset               0000000180037170     MSVCRT:MSVCR100.dll
 0002:00000178       __imp_strlen               0000000180037178     MSVCRT:MSVCR100.dll
 0002:00000180       \177MSVCR100_NULL_THUNK_DATA 0000000180037180     MSVCRT:MSVCR100.dll
 0002:00000188       __imp_emlrtIsEnumR2009a    0000000180037188     libemlrt:libemlrt.dll
 0002:00000190       __imp_emlrtGetEnumUnderlyingArrayR2009a 0000000180037190     libemlrt:libemlrt.dll
 0002:00000198       __imp_emlrtTranslateUTF16MessagetoLCPstring 0000000180037198     libemlrt:libemlrt.dll
 0002:000001a0       __imp_emlrtForLoopVectorIsValidR2011b 00000001800371a0     libemlrt:libemlrt.dll
 0002:000001a8       __imp_emlrtTranslateMessageIDtoLCPstring 00000001800371a8     libemlrt:libemlrt.dll
 0002:000001b0       __imp_emlrtExtractMessageId 00000001800371b0     libemlrt:libemlrt.dll
 0002:000001b8       __imp_emlrtNameCapturePostProcessR2012a 00000001800371b8     libemlrt:libemlrt.dll
 0002:000001c0       __imp_emlrtImportVsFiArrayR2009b 00000001800371c0     libemlrt:libemlrt.dll
 0002:000001c8       __imp_emlrtCreateReference 00000001800371c8     libemlrt:libemlrt.dll
 0002:000001d0       __imp_emlrtGetEnumElementR2009a 00000001800371d0     libemlrt:libemlrt.dll
 0002:000001d8       __imp_emlrtCreateEnumR2010a 00000001800371d8     libemlrt:libemlrt.dll
 0002:000001e0       __imp_emlrtCheckEnumR2009a 00000001800371e0     libemlrt:libemlrt.dll
 0002:000001e8       __imp_emlrtCheckVsBuiltInCtxR2011a 00000001800371e8     libemlrt:libemlrt.dll
 0002:000001f0       __imp_emlrtCheckBuiltInCtxR2011a 00000001800371f0     libemlrt:libemlrt.dll
 0002:000001f8       \177libemlrt_NULL_THUNK_DATA 00000001800371f8     libemlrt:libemlrt.dll
 0002:00000200       __imp_ssRegisterDataTypeFxpFSlopeFixExpBias 0000000180037200     libfixedpoint:libfixedpoint.dll
 0002:00000208       \177libfixedpoint_NULL_THUNK_DATA 0000000180037208     libfixedpoint:libfixedpoint.dll
 0002:00000210       __imp_mexLock              0000000180037210     libmex:libmex.dll
 0002:00000218       __imp_mexMakeMemoryPersistent 0000000180037218     libmex:libmex.dll
 0002:00000220       __imp_mexFunctionName      0000000180037220     libmex:libmex.dll
 0002:00000228       __imp_mexGetVariable       0000000180037228     libmex:libmex.dll
 0002:00000230       __imp_mexPutVariable       0000000180037230     libmex:libmex.dll
 0002:00000238       __imp_mexIsLocked          0000000180037238     libmex:libmex.dll
 0002:00000240       __imp_mexWarnMsgTxt        0000000180037240     libmex:libmex.dll
 0002:00000248       __imp_mexCallMATLAB        0000000180037248     libmex:libmex.dll
 0002:00000250       __imp_mexUnlock            0000000180037250     libmex:libmex.dll
 0002:00000258       __imp_mexErrMsgTxt         0000000180037258     libmex:libmex.dll
 0002:00000260       __imp_mexSetTrapFlag       0000000180037260     libmex:libmex.dll
 0002:00000268       __imp_mexMakeArrayPersistent 0000000180037268     libmex:libmex.dll
 0002:00000270       \177libmex_NULL_THUNK_DATA 0000000180037270     libmex:libmex.dll
 0002:00000278       __imp_mxSetField_730       0000000180037278     libmx:libmx.dll
 0002:00000280       __imp_mxCreateDoubleMatrix_730 0000000180037280     libmx:libmx.dll
 0002:00000288       __imp_mxCreateDoubleScalar 0000000180037288     libmx:libmx.dll
 0002:00000290       __imp_mxCreateString       0000000180037290     libmx:libmx.dll
 0002:00000298       __imp_mxCreateStructMatrix_730 0000000180037298     libmx:libmx.dll
 0002:000002a0       __imp_mxCreateLogicalScalar 00000001800372a0     libmx:libmx.dll
 0002:000002a8       __imp_mxIsLogicalScalarTrue 00000001800372a8     libmx:libmx.dll
 0002:000002b0       __imp_mxGetString_700      00000001800372b0     libmx:libmx.dll
 0002:000002b8       __imp_mxCreateStringFromNChars_700 00000001800372b8     libmx:libmx.dll
 0002:000002c0       __imp_mxGetElementSize     00000001800372c0     libmx:libmx.dll
 0002:000002c8       __imp_mxCreateNumericArray_700 00000001800372c8     libmx:libmx.dll
 0002:000002d0       __imp_mxGetNumberOfDimensions_700 00000001800372d0     libmx:libmx.dll
 0002:000002d8       __imp_mxGetDimensions_700  00000001800372d8     libmx:libmx.dll
 0002:000002e0       __imp_mxCalcSingleSubscript_700 00000001800372e0     libmx:libmx.dll
 0002:000002e8       __imp_mxCreateStructArray_700 00000001800372e8     libmx:libmx.dll
 0002:000002f0       __imp_mxCreateNumericMatrix_700 00000001800372f0     libmx:libmx.dll
 0002:000002f8       __imp_mxArrayClassIDName   00000001800372f8     libmx:libmx.dll
 0002:00000300       __imp_mxGetImagData        0000000180037300     libmx:libmx.dll
 0002:00000308       __imp_mxGetData            0000000180037308     libmx:libmx.dll
 0002:00000310       __imp_mxIsEmpty            0000000180037310     libmx:libmx.dll
 0002:00000318       __imp_mxIsNaN              0000000180037318     libmx:libmx.dll
[...]
 0001:0000d540       ml_get_element_value_from_array 000000018000e540 f   sfc_mex:sfc_mex.obj
 0001:0000d8e0       _ml_generic_castability_check 000000018000e8e0 f   sfc_mex:sfc_mex.obj
 0001:0000e640       ml_generic_castability_check 000000018000f640 f   sfc_mex:sfc_mex.obj
 0001:0000e6e0       ml_check_mx_array_for_single_castability 000000018000f6e0 f   sfc_mex:sfc_mex.obj
 0001:0000e780       ml_check_mx_array_for_logical_castability 000000018000f780 f   sfc_mex:sfc_mex.obj
 0001:0000e820       ml_check_mx_array_for_int8_castability 000000018000f820 f   sfc_mex:sfc_mex.obj
 0001:0000e8d0       ml_check_mx_array_for_uint8_castability 000000018000f8d0 f   sfc_mex:sfc_mex.obj
 0001:0000e930       ml_check_mx_array_for_int16_castability 000000018000f930 f   sfc_mex:sfc_mex.obj
 0001:0000e990       ml_check_mx_array_for_uint16_castability 000000018000f990 f   sfc_mex:sfc_mex.obj
 0001:0000e9f0       ml_check_mx_array_for_int32_castability 000000018000f9f0 f   sfc_mex:sfc_mex.obj
 0001:0000ea50       ml_check_mx_array_for_uint32_castability 000000018000fa50 f   sfc_mex:sfc_mex.obj
 0001:0000eab0       ml_check_mx_array_for_castability 000000018000fab0 f   sfc_mex:sfc_mex.obj
 0001:0000f3e0       set_data_value             00000001800103e0 f   sfc_mex:sfc_mex.obj
 0001:0000f750       get_data_value             0000000180010750 f   sfc_mex:sfc_mex.obj
 0001:0000f860       get_next_element_address   0000000180010860 f   sfc_mex:sfc_mex.obj
 0001:0000f930       sf_normalize_index         0000000180010930 f   sfc_mex:sfc_mex.obj
 0001:0000fcc0       ml_array_index_bound_check 0000000180010cc0 f   sfc_mex:sfc_mex.obj
 0001:000107e0       mx_value                   00000001800117e0 f   sfc_mex:sfc_mex.obj
 0001:00010830       sf_create_numeric_array    0000000180011830 f   sfc_mex:sfc_mex.obj
 0001:000108d0       sf_mex_assign_to_mx_array  00000001800118d0 f   sfc_mex:sfc_mex.obj
 0001:00010c20       assign_from_mx_array       0000000180011c20 f   sfc_mex:sfc_mex.obj
 0001:00011450       sf_mex_import_v            0000000180012450 f   sfc_mex:sfc_mex.obj
 0001:00011b50       get_machine_and_chart_file_number 0000000180012b50 f   sfc_mex:sfc_sf.obj
 0001:00011c40       get_sfun_block_specialization 0000000180012c40 f   sfc_mex:sfc_sf.obj
 0001:00011cf0       call_sf_machine_global_method_dispatcher 0000000180012cf0 f   sfc_mex:sfc_sf.obj
 0001:00011f40       mdl_zeroCrossings_processing 0000000180012f40 f   sfc_mex:sfc_sf.obj
 0001:00012010       mdl_derivatives_processing 0000000180013010 f   sfc_mex:sfc_sf.obj
 0001:000122d0       mdl_outputs_continuous_legacy 00000001800132d0 f   sfc_mex:sfc_sf.obj
 0001:00012350       mdl_outputs_processing     0000000180013350 f   sfc_mex:sfc_sf.obj
 0001:00012580       mdl_enable_processing      0000000180013580 f   sfc_mex:sfc_sf.obj
 0001:00012650       mdl_disable_processing     0000000180013650 f   sfc_mex:sfc_sf.obj
 0001:000133c0       sf_call_output_fcn_enable_disable 00000001800143c0 f   sfc_mex:sfc_sf.obj
 0001:00013640       set_dwork_information_from_mx_array 0000000180014640 f   sfc_mex:sfc_sf.obj
 0001:00013f00       ptr2mxStruct               0000000180014f00 f   sfc_mex:sfc_sf.obj
 0001:00014210       SNPRINTF_WRAPPER           0000000180015210 f   sfc_debug:sfcdebug.obj
 0001:00014230       sf_debug_chart_instance_initialized_quick 0000000180015230 f   sfc_debug:sfcdebug.obj
 0001:00014240       sf_debug_chart_instance_initialized 0000000180015240 f   sfc_debug:sfcdebug.obj
 0001:000143e0       sfrtAddSize                00000001800153e0 f   sfc_debug:sfcdebug.obj
 0001:000144a0       sfrtGenSizeString          00000001800154a0 f   sfc_debug:sfcdebug.obj
 0001:00014bb0       fill_single_message_info   0000000180015bb0 f   sfc_debug:sfcdebug.obj
 0001:00014d70       sf_debug_sim_status_listener 0000000180015d70 f   sfc_debug:sfcdebug.obj
 0001:000152e0       sf_debug_form_mask_bits    00000001800162e0 f   sfc_debug:sfcdebug.obj
 0001:00015320       sf_debug_form_sf_data_type_offsets 0000000180016320 f   sfc_debug:sfcdebug.obj
 0001:000153e0       sf_debug_free_all          00000001800163e0 f   sfc_debug:sfcdebug.obj
 0001:00015590       sf_debug_append_debugger_context 0000000180016590 f   sfc_debug:sfcdebug.obj
 0001:00015850       local_strdup               0000000180016850 f   sfc_debug:sfcdebug.obj
 0001:00016730       sf_debug_em_terminate      0000000180017730 f   sfc_debug:sfcdebug.obj
 0001:00016770       sf_debug_push_eml_function 0000000180017770 f   sfc_debug:sfcdebug.obj
 0001:00016810       sf_debug_pop_eml_function  0000000180017810 f   sfc_debug:sfcdebug.obj
 0001:00017510       sf_debug_get_machine_number_from_id_or_name 0000000180018510 f   sfc_debug:sfcdebug.obj
 0001:00017660       sf_debug_get_chart_number_from_id 0000000180018660 f   sfc_debug:sfcdebug.obj
 0001:000182d0       sf_debug_transfer_control_to_debugger_GUI 00000001800192d0 f   sfc_debug:sfcdebug.obj
 0001:00019260       sf_debug_scripts_rehash    000000018001a260 f   sfc_debug:sfcdebug.obj
 0001:000194a0       sf_debug_get_script_line_count 000000018001a4a0 f   sfc_debug:sfcdebug.obj
 0001:00019dd0       cv_eml_state_cvId          000000018001add0 f   sfc_debug:sfcdebug.obj
 0001:00019e40       cv_eml_trans_cvId          000000018001ae40 f   sfc_debug:sfcdebug.obj
 0001:0001b100       sf_debug_data_array_bounds_error 000000018001c100 f   sfc_debug:sfcdebug.obj
 0001:0001b530       eml_debug_runtime_error_doclink 000000018001c530 f   sfc_debug:sfcdebug.obj
 0001:0001b6b0       sf_debug_runtime_error     000000018001c6b0 f   sfc_debug:sfcdebug.obj
 0001:0001b720       sf_debug_matlab_error      000000018001c720 f   sfc_debug:sfcdebug.obj
 0001:0001c050       sf_debug_data_value_error  000000018001d050 f   sfc_debug:sfcdebug.obj
 0001:0001c950       sf_debug_data_loss_error   000000018001d950 f   sfc_debug:sfcdebug.obj
 0001:0001d870       call_cv_range_check        000000018001e870 f   sfc_debug:sfcdebug.obj
 0001:0001e040       sf_debug_invoke_cycle_detection_code 000000018001f040 f   sfc_debug:sfcdebug.obj
 0001:0001f120       sf_reset_debug_info_struct 0000000180020120 f   sfc_debug:sfcdebug.obj
 0001:0001fa10       cv_script_cvId             0000000180020a10 f   sfc_debug:sfcdebug.obj
 0001:00020760       sfc_api_chart_visible      0000000180021760 f   sfc_debug:sfc_api.obj
 0001:000207e0       sfc_api_active_instance    00000001800217e0 f   sfc_debug:sfc_api.obj
 0001:00020860       sfc_api_machine_load       0000000180021860 f   sfc_debug:sfc_api.obj
 0001:00020930       sfc_api_debugger_alive     0000000180021930 f   sfc_debug:sfc_api.obj
 0001:00020940       sfc_api_go                 0000000180021940 f   sfc_debug:sfc_api.obj
 0001:00020950       sfc_api_step_over          0000000180021950 f   sfc_debug:sfc_api.obj
 0001:00020960       sfc_api_step_out           0000000180021960 f   sfc_debug:sfc_api.obj
 0001:00020970       sfc_api_resume             0000000180021970 f   sfc_debug:sfc_api.obj
 0001:00020980       sfc_api_break              0000000180021980 f   sfc_debug:sfc_api.obj
 0001:00020990       sfc_api_stop_debugging     0000000180021990 f   sfc_debug:sfc_api.obj
 0001:000209e0       sfc_api_is_cycle_detected  00000001800219e0 f   sfc_debug:sfc_api.obj
 0001:00020a30       sfc_api_is_array_bounds_detected 0000000180021a30 f   sfc_debug:sfc_api.obj
 0001:00020a80       sfc_api_set_disable_all_breakpoints 0000000180021a80 f   sfc_debug:sfc_api.obj
 0001:00020af0       sfc_api_disable_all_breakpoints_and_go 0000000180021af0 f   sfc_debug:sfc_api.obj
 0001:00020b00       sfc_api_close              0000000180021b00 f   sfc_debug:sfc_api.obj
 0001:00020b10       sfc_api_browse_data        0000000180021b10 f   sfc_debug:sfc_api.obj
 0001:00020b80       sfc_api_watch_data         0000000180021b80 f   sfc_debug:sfc_api.obj
 0001:00020c20       sfc_api_extract_message_post_receive_info 0000000180021c20 f   sfc_debug:sfc_api.obj
 0001:00020c40       sfc_api_assign_data        0000000180021c40 f   sfc_debug:sfc_api.obj
 0001:00020ce0       sfc_api_whos               0000000180021ce0 f   sfc_debug:sfc_api.obj
 0001:00020d70       sfc_api_get_consistency_info 0000000180021d70 f   sfc_debug:sfc_api.obj
 0001:00020d80       sfc_api_browse_trace       0000000180021d80 f   sfc_debug:sfc_api.obj
 0001:00020d90       sfc_api_break_on_chart_entry 0000000180021d90 f   sfc_debug:sfc_api.obj
 0001:00020db0       sfc_api_break_on_event_broadcast 0000000180021db0 f   sfc_debug:sfc_api.obj
 0001:00020dd0       sfc_api_break_on_state_entry 0000000180021dd0 f   sfc_debug:sfc_api.obj
 0001:00020df0       sfc_api_set_watch          0000000180021df0 f   sfc_debug:sfc_api.obj
 0001:00020e90       sfc_api_set_breakpoints    0000000180021e90 f   sfc_debug:sfc_api.obj
 0001:00020f30       sfc_api_set_eml_breakpoints 0000000180021f30 f   sfc_debug:sfc_api.obj
 0001:00020fb0       sfc_api_set_script_breakpoints 0000000180021fb0 f   sfc_debug:sfc_api.obj
 0001:00021000       sfc_api_add_script_breakpoints 0000000180022000 f   sfc_debug:sfc_api.obj
 0001:00021050       sfc_api_clear_script_breakpoints 0000000180022050 f   sfc_debug:sfc_api.obj
 0001:000210a0       sfc_api_query_script_breakpoints 00000001800220a0 f   sfc_debug:sfc_api.obj
 0001:00021100       sfc_api_get_script_id      0000000180022100 f   sfc_debug:sfc_api.obj
 0001:000211c0       sfc_api_get_active_states  00000001800221c0 f   sfc_debug:sfc_api.obj
 0001:00021240       sfc_api_break_between_times 0000000180022240 f   sfc_debug:sfc_api.obj
 0001:000212a0       sfc_api_get_instance_handle 00000001800222a0 f   sfc_debug:sfc_api.obj
 0001:00021350       sfc_api_set_animation      0000000180022350 f   sfc_debug:sfc_api.obj
 0001:000213a0       sfc_api_select_chart       00000001800223a0 f   sfc_debug:sfc_api.obj
 0001:00021400       sfc_api_select_charts      0000000180022400 f   sfc_debug:sfc_api.obj
 0001:00021430       sfc_api_cycle_detection_check 0000000180022430 f   sfc_debug:sfc_api.obj
 0001:00021480       sfc_api_data_range_check   0000000180022480 f   sfc_debug:sfc_api.obj
 0001:000214d0       sfc_api_transition_conflict_check 00000001800224d0 f   sfc_debug:sfc_api.obj
 0001:00021520       sfc_api_state_consistency_check 0000000180022520 f   sfc_debug:sfc_api.obj
 0001:00021570       sfc_api_set_instance_cv_ids 0000000180022570 f   sfc_debug:sfc_api.obj
 0001:00021680       sfc_api_set_script_cv_ids  0000000180022680 f   sfc_debug:sfc_api.obj
 0001:00021730       sfc_api_get_current_machine_id 0000000180022730 f   sfc_debug:sfc_api.obj
 0001:00021760       sfc_api_get_current_machine_number 0000000180022760 f   sfc_debug:sfc_api.obj
 0001:00021790       sfc_api_get_current_chart_number 0000000180022790 f   sfc_debug:sfc_api.obj
 0001:000217c0       sfc_api_get_current_instance_number 00000001800227c0 f   sfc_debug:sfc_api.obj
 0001:000217f0       sfc_api_get_current_instance_handle 00000001800227f0 f   sfc_debug:sfc_api.obj
 0001:00021810       sfc_api_get_current_is_minor_time_step 0000000180022810 f   sfc_debug:sfc_api.obj
 0001:00021840       sfc_api_get_current_machine_name 0000000180022840 f   sfc_debug:sfc_api.obj
 0001:00021860       sfc_api_get_current_chart_id 0000000180022860 f   sfc_debug:sfc_api.obj
 0001:00021890       sfc_api_get_current_object_type 0000000180022890 f   sfc_debug:sfc_api.obj
 0001:000218c0       sfc_api_get_current_event_type 00000001800228c0 f   sfc_debug:sfc_api.obj
 0001:000218f0       sfc_api_get_current_object_id 00000001800228f0 f   sfc_debug:sfc_api.obj
 0001:00021920       sfc_get_current_active_event_type 0000000180022920 f   sfc_debug:sfc_api.obj
 0001:00021950       sfc_api_get_current_active_event_id 0000000180022950 f   sfc_debug:sfc_api.obj
 0001:00021980       sfc_api_get_current_simulation_time 0000000180022980 f   sfc_debug:sfc_api.obj
 0001:000219a0       sfc_get_current_tag_type   00000001800229a0 f   sfc_debug:sfc_api.obj
 0001:000219d0       sfc_get_current_coverage_percentage 00000001800229d0 f   sfc_debug:sfc_api.obj
 0001:000219f0       sfc_get_current_statement_context 00000001800229f0 f   sfc_debug:sfc_api.obj
 0001:00021a10       sfc_get_current_optional_integer 0000000180022a10 f   sfc_debug:sfc_api.obj
 0001:00021a40       sfc_get_current_statement_info 0000000180022a40 f   sfc_debug:sfc_api.obj
 0001:00021ae0       sfc_api_get                0000000180022ae0 f   sfc_debug:sfc_api.obj
 0001:00021c40       sf_debug_sm_is_using_unified_editors 0000000180022c40 f   sfc_debug:sfdb_animation.obj
 0001:00021ce0       sf_debug_sm_is_chart_visible_in_unified_editors 0000000180022ce0 f   sfc_debug:sfdb_animation.obj
 0001:00021da0       sf_debug_sm_check_if_chart_is_visible 0000000180022da0 f   sfc_debug:sfdb_animation.obj
 0001:000228a0       sf_debug_sm_fill_state_activity_data 00000001800238a0 f   sfc_debug:sfdb_animation.obj
 0001:000250d0       void_ptr_stack_vector_free_total 00000001800260d0 f   sfc_debug:sfdb_data_browse.obj
 0001:00025160       sf_debug_st_terminate_machine 0000000180026160 f   sfc_debug:sfdb_data_browse.obj
 0001:000251a0       sf_debug_st_terminate_instance 00000001800261a0 f   sfc_debug:sfdb_data_browse.obj
 0001:00025550       push_on_to_void_ptr_stack  0000000180026550 f   sfc_debug:sfdb_data_browse.obj
 0001:000256e0       pop_from_void_ptr_stack    00000001800266e0 f   sfc_debug:sfdb_data_browse.obj
 0001:00025810       sf_debug_st_get_data_value 0000000180026810 f   sfc_debug:sfdb_data_browse.obj
 0001:00025da0       mx_value                   0000000180026da0 f   sfc_debug:sfdb_data_browse.obj
 0001:00025de0       sf_debug_st_fill_data_struct 0000000180026de0 f   sfc_debug:sfdb_data_browse.obj
 0001:00026120       data_type_format_strings   0000000180027120 f   sfc_debug:sfdb_data_browse.obj
 0001:000261d0       sf_debug_st_fill_data      00000001800271d0 f   sfc_debug:sfdb_data_browse.obj
 0001:00026f20       sf_debug_hm_get_simulink_handle 0000000180027f20 f   sfc_debug:sfdb_handle_management.obj
 0001:00027a70       sf_debug_hm_initialize_globals 0000000180028a70 f   sfc_debug:sfdb_handle_management.obj
 0001:00027b70       sf_debug_hm_get_machine_debug_flag 0000000180028b70 f   sfc_debug:sfdb_handle_management.obj
 0001:00027ce0       sf_debug_hm_get_machine_id 0000000180028ce0 f   sfc_debug:sfdb_handle_management.obj
 0001:00027e00       sf_debug_hm_get_chart_id   0000000180028e00 f   sfc_debug:sfdb_handle_management.obj
 0001:00027fa0       sf_debug_hm_register_executing_SFunction 0000000180028fa0 f   sfc_debug:sfdb_handle_management.obj
 0001:00028140       sf_debug_hm_get_chart_active_instance 0000000180029140 f   sfc_debug:sfdb_handle_management.obj
 0001:000282b0       sf_debug_hm_get_chart_visibility 00000001800292b0 f   sfc_debug:sfdb_handle_management.obj
 0001:00028400       sf_debug_hm_form_object_boolean_properties 0000000180029400 f   sfc_debug:sfdb_handle_management.obj
 0001:000286d0       sf_debug_hm_form_object_properties 00000001800296d0 f   sfc_debug:sfdb_handle_management.obj
 0001:00028910       sf_debug_hm_terminate_charts 0000000180029910 f   sfc_debug:sfdb_handle_management.obj
 0001:00029080       sf_debug_hm_terminate_machines 000000018002a080 f   sfc_debug:sfdb_handle_management.obj
 0001:0002acd0       sf_debug_ss_copy_dimension 000000018002bcd0 f   sfc_debug:sfdb_symbol_scope.obj
 0001:0002ad90       sf_debug_ss_get_number_elements 000000018002bd90 f   sfc_debug:sfdb_symbol_scope.obj
 0001:0002adb0       sf_debug_ss_fill_data_struct 000000018002bdb0 f   sfc_debug:sfdb_symbol_scope.obj
 0001:0002b100       sf_debug_ss_reset_data_info 000000018002c100 f   sfc_debug:sfdb_symbol_scope.obj
 0001:0002b160       sf_debug_fill_data_info_by_symbol_scope_entry 000000018002c160 f   sfc_debug:sfdb_symbol_scope.obj
 0001:0002b220       sf_debug_fill_data_info_by_data_vector 000000018002c220 f   sfc_debug:sfdb_symbol_scope.obj
 0001:0002b470       sf_debug_ss_get_data_info  000000018002c470 f   sfc_debug:sfdb_symbol_scope.obj
 0001:0002b760       sf_debug_select_mex_function 000000018002c760 f   sfc_debug:sfdb_symbol_scope.obj
 0001:0002b790       sf_debug_is_dyn_matrix_initialized 000000018002c790 f   sfc_debug:sfdb_symbol_scope.obj
 0001:0002b7b0       sf_debug_ss_set_data_value_try 000000018002c7b0 f   sfc_debug:sfdb_symbol_scope.obj
 0001:0002b980       sf_debug_ss_get_data_value 000000018002c980 f   sfc_debug:sfdb_symbol_scope.obj
 0001:0002bed0       sf_debug_ss_data_bytes_string 000000018002ced0 f   sfc_debug:sfdb_symbol_scope.obj
 0001:0002bf80       sf_debug_ss_data_class_string 000000018002cf80 f   sfc_debug:sfdb_symbol_scope.obj
 0001:0002c310       sf_debug_ss_data_size_string 000000018002d310 f   sfc_debug:sfdb_symbol_scope.obj
 0001:0002c3f0       sf_debug_ss_data_create_data_info_struct 000000018002d3f0 f   sfc_debug:sfdb_symbol_scope.obj
 0001:0002c6c0       sf_debug_ss_data_create_name_value_pair 000000018002d6c0 f   sfc_debug:sfdb_symbol_scope.obj
 0001:0002c760       sf_debug_ss_data_get_whos_info 000000018002d760 f   sfc_debug:sfdb_symbol_scope.obj
 0001:0002c770       same_named_data_in_data_array 000000018002d770 f   sfc_debug:sfdb_symbol_scope.obj
 0001:0002dfe0       sf_debug_cc_terminate_chart 000000018002efe0 f   sfc_debug:sfdb_coverage.obj
 0001:0002e380       sf_debug_cc_terminate_instance 000000018002f380 f   sfc_debug:sfdb_coverage.obj
 0001:0002ef70       sf_debug_cc_mark_object_if_needed 000000018002ff70 f   sfc_debug:sfdb_coverage.obj
 0001:0002f870       sf_debug_bm_initialize_eml 0000000180030870 f   sfc_debug:sfdb_breakpoints.obj
 0001:000309e0       sf_debug_bm_map_debug_tag_to_breakpoint_tag 00000001800319e0 f   sfc_debug:sfdb_breakpoints.obj
 0001:00030ac0       sf_debug_bm_is_a_eml_breakpoint_impl 0000000180031ac0 f   sfc_debug:sfdb_breakpoints.obj
 0001:00032540       sf_debug_sc_push_on_error_stack 0000000180033540 f   sfc_debug:sfdb_state_consistency.obj
 0001:00032670       sf_debug_sc_reset_error_stack 0000000180033670 f   sfc_debug:sfdb_state_consistency.obj
 0001:00032800       sf_debug_sc_is_state_inconsistent 0000000180033800 f   sfc_debug:sfdb_state_consistency.obj
 0001:00032b00       sf_debug_sc_fill_consistency_info 0000000180033b00 f   sfc_debug:sfdb_state_consistency.obj
 0001:000330e0       void_assertion_fcn         00000001800340e0 f   sfc_debug:sfdb_call_stack.obj
 0001:00033660       sf_debug_tm_fill_local_trace 0000000180034660 f   sfc_debug:sfdb_call_stack.obj
 0001:00033c30       sf_debug_cd_terminate_instance 0000000180034c30 f   sfc_debug:sfdb_cycle_detection.obj
 0001:00033c90       sf_debug_cd_free_checksum_stack 0000000180034c90 f   sfc_debug:sfdb_cycle_detection.obj
 0001:00033ce0       sf_debug_cd_reset_pack_strings 0000000180034ce0 f   sfc_debug:sfdb_cycle_detection.obj
 0001:000343a0       md5file_clear              00000001800353a0 f   sfc_debug:ckmd5.obj
 0001:000343d0       Encode                     00000001800353d0 f   sfc_debug:ckmd5.obj
 0001:00034420       Decode                     0000000180035420 f   sfc_debug:ckmd5.obj
 0001:000344c0       MD5Transform               00000001800354c0 f   sfc_debug:ckmd5.obj
 0001:00034d10       md5file_addn               0000000180035d10 f   sfc_debug:ckmd5.obj
 0001:00034de0       md5file_hash               0000000180035de0 f   sfc_debug:ckmd5.obj
 0001:00035304       pre_c_init                 0000000180036304 f   MSVCRT:crtdll.obj
 0001:000355c0       __DllMainCRTStartup        00000001800365c0 f   MSVCRT:crtdll.obj
 0001:00035c60       __DllMainCRTStartup$filt$0 0000000180036c60 f   MSVCRT:crtdll.obj
 0001:00035c90       __DllMainCRTStartup$fin$1  0000000180036c90 f   MSVCRT:crtdll.obj
 0001:00035caa       _onexit$fin$0              0000000180036caa f   MSVCRT:atonexit.obj
 0001:00035cd0       _IsNonwritableInCurrentImage$filt$0 0000000180036cd0 f   MSVCRT:pesect.obj
